Archive member included to satisfy reference by file (symbol)

/usr/lib/gcc/arm-none-eabi/6.3.1/../../../arm-none-eabi/lib/thumb/v7e-m/fpv4-sp/hard/libc_nano.a(lib_a-atexit.o)
                              /usr/lib/gcc/arm-none-eabi/6.3.1/../../../arm-none-eabi/lib/thumb/v7e-m/fpv4-sp/hard/crt0.o (atexit)
/usr/lib/gcc/arm-none-eabi/6.3.1/../../../arm-none-eabi/lib/thumb/v7e-m/fpv4-sp/hard/libc_nano.a(lib_a-ctype_.o)
                              _build/nrf52832_xxaa/nrf_log_str_formatter.c.o (__ctype_ptr__)
/usr/lib/gcc/arm-none-eabi/6.3.1/../../../arm-none-eabi/lib/thumb/v7e-m/fpv4-sp/hard/libc_nano.a(lib_a-exit.o)
                              /usr/lib/gcc/arm-none-eabi/6.3.1/../../../arm-none-eabi/lib/thumb/v7e-m/fpv4-sp/hard/crt0.o (exit)
/usr/lib/gcc/arm-none-eabi/6.3.1/../../../arm-none-eabi/lib/thumb/v7e-m/fpv4-sp/hard/libc_nano.a(lib_a-fini.o)
                              /usr/lib/gcc/arm-none-eabi/6.3.1/../../../arm-none-eabi/lib/thumb/v7e-m/fpv4-sp/hard/crt0.o (__libc_fini_array)
/usr/lib/gcc/arm-none-eabi/6.3.1/../../../arm-none-eabi/lib/thumb/v7e-m/fpv4-sp/hard/libc_nano.a(lib_a-impure.o)
                              /usr/lib/gcc/arm-none-eabi/6.3.1/../../../arm-none-eabi/lib/thumb/v7e-m/fpv4-sp/hard/libc_nano.a(lib_a-exit.o) (_global_impure_ptr)
/usr/lib/gcc/arm-none-eabi/6.3.1/../../../arm-none-eabi/lib/thumb/v7e-m/fpv4-sp/hard/libc_nano.a(lib_a-init.o)
                              /usr/lib/gcc/arm-none-eabi/6.3.1/../../../arm-none-eabi/lib/thumb/v7e-m/fpv4-sp/hard/crt0.o (__libc_init_array)
/usr/lib/gcc/arm-none-eabi/6.3.1/../../../arm-none-eabi/lib/thumb/v7e-m/fpv4-sp/hard/libc_nano.a(lib_a-memcmp.o)
                              _build/nrf52832_xxaa/ble_advdata.c.o (memcmp)
/usr/lib/gcc/arm-none-eabi/6.3.1/../../../arm-none-eabi/lib/thumb/v7e-m/fpv4-sp/hard/libc_nano.a(lib_a-memcpy.o)
                              _build/nrf52832_xxaa/nrf_log_frontend.c.o (memcpy)
/usr/lib/gcc/arm-none-eabi/6.3.1/../../../arm-none-eabi/lib/thumb/v7e-m/fpv4-sp/hard/libc_nano.a(lib_a-memset.o)
                              /usr/lib/gcc/arm-none-eabi/6.3.1/../../../arm-none-eabi/lib/thumb/v7e-m/fpv4-sp/hard/crt0.o (memset)
/usr/lib/gcc/arm-none-eabi/6.3.1/../../../arm-none-eabi/lib/thumb/v7e-m/fpv4-sp/hard/libc_nano.a(lib_a-strcmp.o)
                              _build/nrf52832_xxaa/nrf_ble_scan.c.o (strcmp)
/usr/lib/gcc/arm-none-eabi/6.3.1/../../../arm-none-eabi/lib/thumb/v7e-m/fpv4-sp/hard/libc_nano.a(lib_a-strcpy.o)
                              _build/nrf52832_xxaa/SEGGER_RTT.c.o (strcpy)
/usr/lib/gcc/arm-none-eabi/6.3.1/../../../arm-none-eabi/lib/thumb/v7e-m/fpv4-sp/hard/libc_nano.a(lib_a-strlen.o)
                              _build/nrf52832_xxaa/nrf_log_frontend.c.o (strlen)
/usr/lib/gcc/arm-none-eabi/6.3.1/../../../arm-none-eabi/lib/thumb/v7e-m/fpv4-sp/hard/libc_nano.a(lib_a-__atexit.o)
                              /usr/lib/gcc/arm-none-eabi/6.3.1/../../../arm-none-eabi/lib/thumb/v7e-m/fpv4-sp/hard/libc_nano.a(lib_a-atexit.o) (__register_exitproc)
/usr/lib/gcc/arm-none-eabi/6.3.1/../../../arm-none-eabi/lib/thumb/v7e-m/fpv4-sp/hard/libc_nano.a(lib_a-__call_atexit.o)
                              /usr/lib/gcc/arm-none-eabi/6.3.1/../../../arm-none-eabi/lib/thumb/v7e-m/fpv4-sp/hard/libc_nano.a(lib_a-__atexit.o) (__call_exitprocs)
/usr/lib/gcc/arm-none-eabi/6.3.1/../../../arm-none-eabi/lib/thumb/v7e-m/fpv4-sp/hard/libnosys.a(_exit.o)
                              /usr/lib/gcc/arm-none-eabi/6.3.1/../../../arm-none-eabi/lib/thumb/v7e-m/fpv4-sp/hard/libc_nano.a(lib_a-exit.o) (_exit)
/usr/lib/gcc/arm-none-eabi/6.3.1/thumb/v7e-m/fpv4-sp/hard/libgcc.a(_aeabi_uldivmod.o)
                              _build/nrf52832_xxaa/bsp.c.o (__aeabi_uldivmod)
/usr/lib/gcc/arm-none-eabi/6.3.1/thumb/v7e-m/fpv4-sp/hard/libgcc.a(_udivmoddi4.o)
                              /usr/lib/gcc/arm-none-eabi/6.3.1/thumb/v7e-m/fpv4-sp/hard/libgcc.a(_aeabi_uldivmod.o) (__udivmoddi4)
/usr/lib/gcc/arm-none-eabi/6.3.1/thumb/v7e-m/fpv4-sp/hard/libgcc.a(_dvmd_tls.o)
                              /usr/lib/gcc/arm-none-eabi/6.3.1/thumb/v7e-m/fpv4-sp/hard/libgcc.a(_aeabi_uldivmod.o) (__aeabi_ldiv0)

Allocating common symbols
Common symbol       size              file

nrf_nvic_state      0xc               _build/nrf52832_xxaa/app_util_platform.c.o
nrf_drv_uart_use_easy_dma
                    0x1               _build/nrf52832_xxaa/nrf_drv_uart.c.o
_SEGGER_RTT         0x78              _build/nrf52832_xxaa/SEGGER_RTT.c.o

Discarded input sections

 .text          0x0000000000000000        0x0 /usr/lib/gcc/arm-none-eabi/6.3.1/thumb/v7e-m/fpv4-sp/hard/crti.o
 .data          0x0000000000000000        0x0 /usr/lib/gcc/arm-none-eabi/6.3.1/thumb/v7e-m/fpv4-sp/hard/crti.o
 .bss           0x0000000000000000        0x0 /usr/lib/gcc/arm-none-eabi/6.3.1/thumb/v7e-m/fpv4-sp/hard/crti.o
 .data          0x0000000000000000        0x4 /usr/lib/gcc/arm-none-eabi/6.3.1/thumb/v7e-m/fpv4-sp/hard/crtbegin.o
[...]
Memory Configuration

Name             Origin             Length             Attributes
FLASH            0x0000000000060000 0x0000000000094000 xr
RAM              0x0000000020001db8 0x000000000000e248 xrw
*default*        0x0000000000000000 0xffffffffffffffff

Linker script and memory map


.text           0x0000000000060000     0x86f8
 *(.isr_vector)
 .isr_vector    0x0000000000060000      0x200 _build/nrf52832_xxaa/gcc_startup_nrf52.S.o
                0x0000000000060000                __isr_vector
 *(.text*)
 .text          0x0000000000060200       0xa4 /usr/lib/gcc/arm-none-eabi/6.3.1/thumb/v7e-m/fpv4-sp/hard/crtbegin.o
 .text          0x00000000000602a4       0x68 /usr/lib/gcc/arm-none-eabi/6.3.1/../../../arm-none-eabi/lib/thumb/v7e-m/fpv4-sp/hard/crt0.o
                0x00000000000602a4                _mainCRTStartup
                0x00000000000602a4                _start
 .text          0x000000000006030c       0x3c _build/nrf52832_xxaa/gcc_startup_nrf52.S.o
                0x000000000006030c                Reset_Handler
                0x0000000000060334                NMI_Handler
                0x0000000000060336                HardFault_Handler
                0x0000000000060338                MemoryManagement_Handler
                0x000000000006033a                BusFault_Handler
                0x000000000006033c                UsageFault_Handler
                0x000000000006033e                SVC_Handler
                0x0000000000060340                DebugMon_Handler
                0x0000000000060342                PendSV_Handler
                0x0000000000060344                SysTick_Handler
                0x0000000000060346                TIMER2_IRQHandler
                0x0000000000060346                RTC0_IRQHandler
                0x0000000000060346                SWI0_EGU0_IRQHandler
                0x0000000000060346                PWM1_IRQHandler
                0x0000000000060346                RADIO_IRQHandler
                0x0000000000060346                PDM_IRQHandler
                0x0000000000060346                TEMP_IRQHandler
                0x0000000000060346                QDEC_IRQHandler
                0x0000000000060346                TIMER3_IRQHandler
                0x0000000000060346                FPU_IRQHandler
                0x0000000000060346                SPIM0_SPIS0_TWIM0_TWIS0_SPI0_TWI0_IRQHandler
                0x0000000000060346                TIMER4_IRQHandler
                0x0000000000060346                I2S_IRQHandler
                0x0000000000060346                SWI4_EGU4_IRQHandler
                0x0000000000060346                TIMER0_IRQHandler
                0x0000000000060346                TIMER1_IRQHandler
                0x0000000000060346                PWM2_IRQHandler
                0x0000000000060346                ECB_IRQHandler
                0x0000000000060346                SPIM1_SPIS1_TWIM1_TWIS1_SPI1_TWI1_IRQHandler
                0x0000000000060346                Default_Handler
                0x0000000000060346                SAADC_IRQHandler
                0x0000000000060346                CCM_AAR_IRQHandler
                0x0000000000060346                WDT_IRQHandler
                0x0000000000060346                SWI5_EGU5_IRQHandler
                0x0000000000060346                RNG_IRQHandler
                0x0000000000060346                RTC2_IRQHandler
                0x0000000000060346                PWM0_IRQHandler
                0x0000000000060346                SWI3_EGU3_IRQHandler
                0x0000000000060346                SWI1_EGU1_IRQHandler
                0x0000000000060346                SPIM2_SPIS2_SPI2_IRQHandler
                0x0000000000060346                NFCT_IRQHandler
                0x0000000000060346                MWU_IRQHandler
                0x0000000000060346                COMP_LPCOMP_IRQHandler
 .text.nrf_log_backend_serial_put
                0x0000000000060348       0xcc _build/nrf52832_xxaa/nrf_log_backend_serial.c.o
                0x0000000000060348                nrf_log_backend_serial_put
 .text.uart_evt_handler
                0x0000000000060414        0xc _build/nrf52832_xxaa/nrf_log_backend_uart.c.o
 .text.nrf_log_backend_uart_flush
                0x0000000000060420        0x4 _build/nrf52832_xxaa/nrf_log_backend_uart.c.o
 .text.nrf_log_backend_uart_put
                0x0000000000060424       0x20 _build/nrf52832_xxaa/nrf_log_backend_uart.c.o
 .text.serial_tx
                0x0000000000060444       0x4c _build/nrf52832_xxaa/nrf_log_backend_uart.c.o
 .text.nrf_log_backend_uart_panic_set
                0x0000000000060490       0x60 _build/nrf52832_xxaa/nrf_log_backend_uart.c.o
 .text.nrf_log_backend_uart_init
                0x00000000000604f0       0x48 _build/nrf52832_xxaa/nrf_log_backend_uart.c.o
                0x00000000000604f0                nrf_log_backend_uart_init
 .text.nrf_log_default_backends_init
                0x0000000000060538       0x20 _build/nrf52832_xxaa/nrf_log_default_backends.c.o
                0x0000000000060538                nrf_log_default_backends_init
 .text.log_skip
                0x0000000000060558       0xd8 _build/nrf52832_xxaa/nrf_log_frontend.c.o
 .text.nrf_log_init
                0x0000000000060630       0x3c _build/nrf52832_xxaa/nrf_log_frontend.c.o
                0x0000000000060630                nrf_log_init
 .text.nrf_log_module_name_get
                0x000000000006066c       0x54 _build/nrf52832_xxaa/nrf_log_frontend.c.o
                0x000000000006066c                nrf_log_module_name_get
 .text.nrf_log_color_id_get
                0x00000000000606c0       0x2c _build/nrf52832_xxaa/nrf_log_frontend.c.o
                0x00000000000606c0                nrf_log_color_id_get
 .text.nrf_log_frontend_dequeue
                0x00000000000606ec      0x270 _build/nrf52832_xxaa/nrf_log_frontend.c.o
                0x00000000000606ec                nrf_log_frontend_dequeue
 .text.nrf_log_frontend_std_0
                0x000000000006095c       0xf4 _build/nrf52832_xxaa/nrf_log_frontend.c.o
                0x000000000006095c                nrf_log_frontend_std_0
 .text.nrf_log_frontend_std_1
                0x0000000000060a50       0xf4 _build/nrf52832_xxaa/nrf_log_frontend.c.o
                0x0000000000060a50                nrf_log_frontend_std_1
 .text.nrf_log_frontend_std_2
                0x0000000000060b44      0x108 _build/nrf52832_xxaa/nrf_log_frontend.c.o
                0x0000000000060b44                nrf_log_frontend_std_2
 .text.nrf_log_frontend_std_3
                0x0000000000060c4c      0x118 _build/nrf52832_xxaa/nrf_log_frontend.c.o
                0x0000000000060c4c                nrf_log_frontend_std_3
 .text.nrf_log_backend_add
                0x0000000000060d64       0x64 _build/nrf52832_xxaa/nrf_log_frontend.c.o
                0x0000000000060d64                nrf_log_backend_add
 .text.nrf_log_panic
                0x0000000000060dc8       0x2c _build/nrf52832_xxaa/nrf_log_frontend.c.o
                0x0000000000060dc8                nrf_log_panic
 .text.nrf_log_std_entry_process
                0x0000000000060df4      0x14c _build/nrf52832_xxaa/nrf_log_str_formatter.c.o
                0x0000000000060df4                nrf_log_std_entry_process
 .text.nrf_log_hexdump_entry_process
                0x0000000000060f40      0x170 _build/nrf52832_xxaa/nrf_log_str_formatter.c.o
                0x0000000000060f40                nrf_log_hexdump_entry_process
 .text.gpiote_event_handler
                0x00000000000610b0       0x80 _build/nrf52832_xxaa/app_button.c.o
 .text.detection_delay_timeout_handler
                0x0000000000061130      0x290 _build/nrf52832_xxaa/app_button.c.o
 .text.app_button_init
                0x00000000000613c0       0xb4 _build/nrf52832_xxaa/app_button.c.o
                0x00000000000613c0                app_button_init
 .text.app_button_enable
                0x0000000000061474       0x2c _build/nrf52832_xxaa/app_button.c.o
                0x0000000000061474                app_button_enable
 .text.app_error_handler_bare
                0x00000000000614a0       0x20 _build/nrf52832_xxaa/app_error.c.o
                0x00000000000614a0                app_error_handler_bare
 .text.app_error_fault_handler
                0x00000000000614c0       0x70 _build/nrf52832_xxaa/app_error_weak.c.o
                0x00000000000614c0                app_error_fault_handler
 .text.compare_func
                0x0000000000061530       0x18 _build/nrf52832_xxaa/app_timer2.c.o
 .text.rtc_irq  0x0000000000061548      0x318 _build/nrf52832_xxaa/app_timer2.c.o
 .text.app_timer_init
                0x0000000000061860       0x6c _build/nrf52832_xxaa/app_timer2.c.o
                0x0000000000061860                app_timer_init
 .text.app_timer_create
                0x00000000000618cc       0x1c _build/nrf52832_xxaa/app_timer2.c.o
                0x00000000000618cc                app_timer_create
 .text.app_timer_start
                0x00000000000618e8       0x94 _build/nrf52832_xxaa/app_timer2.c.o
                0x00000000000618e8                app_timer_start
 .text.app_util_critical_region_enter
                0x000000000006197c       0x4c _build/nrf52832_xxaa/app_util_platform.c.o
                0x000000000006197c                app_util_critical_region_enter
 .text.app_util_critical_region_exit
                0x00000000000619c8       0x30 _build/nrf52832_xxaa/app_util_platform.c.o
                0x00000000000619c8                app_util_critical_region_exit
 .text.drv_rtc_init
                0x00000000000619f8       0xb8 _build/nrf52832_xxaa/drv_rtc.c.o
                0x00000000000619f8                drv_rtc_init
 .text.drv_rtc_start
                0x0000000000061ab0        0x8 _build/nrf52832_xxaa/drv_rtc.c.o
                0x0000000000061ab0                drv_rtc_start
 .text.drv_rtc_stop
                0x0000000000061ab8        0x8 _build/nrf52832_xxaa/drv_rtc.c.o
                0x0000000000061ab8                drv_rtc_stop
 .text.drv_rtc_compare_set
                0x0000000000061ac0       0x4c _build/nrf52832_xxaa/drv_rtc.c.o
                0x0000000000061ac0                drv_rtc_compare_set
 .text.drv_rtc_windowed_compare_set
                0x0000000000061b0c       0xfc _build/nrf52832_xxaa/drv_rtc.c.o
                0x0000000000061b0c                drv_rtc_windowed_compare_set
 .text.drv_rtc_overflow_enable
                0x0000000000061c08       0x14 _build/nrf52832_xxaa/drv_rtc.c.o
                0x0000000000061c08                drv_rtc_overflow_enable
 .text.drv_rtc_overflow_pending
                0x0000000000061c1c       0x20 _build/nrf52832_xxaa/drv_rtc.c.o
                0x0000000000061c1c                drv_rtc_overflow_pending
 .text.drv_rtc_compare_disable
                0x0000000000061c3c       0x18 _build/nrf52832_xxaa/drv_rtc.c.o
                0x0000000000061c3c                drv_rtc_compare_disable
 .text.drv_rtc_compare_pending
                0x0000000000061c54       0x20 _build/nrf52832_xxaa/drv_rtc.c.o
                0x0000000000061c54                drv_rtc_compare_pending
 .text.drv_rtc_counter_get
                0x0000000000061c74        0x8 _build/nrf52832_xxaa/drv_rtc.c.o
                0x0000000000061c74                drv_rtc_counter_get
 .text.drv_rtc_irq_trigger
                0x0000000000061c7c       0x20 _build/nrf52832_xxaa/drv_rtc.c.o
                0x0000000000061c7c                drv_rtc_irq_trigger
 .text.RTC1_IRQHandler
                0x0000000000061c9c       0x14 _build/nrf52832_xxaa/drv_rtc.c.o
                0x0000000000061c9c                RTC1_IRQHandler
 .text.nrf_atfifo_init
                0x0000000000061cb0       0x30 _build/nrf52832_xxaa/nrf_atfifo.c.o
                0x0000000000061cb0                nrf_atfifo_init
 .text.nrf_atfifo_item_alloc
                0x0000000000061ce0       0x5c _build/nrf52832_xxaa/nrf_atfifo.c.o
                0x0000000000061ce0                nrf_atfifo_item_alloc
 .text.nrf_atfifo_item_put
                0x0000000000061d3c       0x20 _build/nrf52832_xxaa/nrf_atfifo.c.o
                0x0000000000061d3c                nrf_atfifo_item_put
 .text.nrf_atfifo_item_get
                0x0000000000061d5c       0x60 _build/nrf52832_xxaa/nrf_atfifo.c.o
                0x0000000000061d5c                nrf_atfifo_item_get
 .text.nrf_atfifo_item_free
                0x0000000000061dbc       0x20 _build/nrf52832_xxaa/nrf_atfifo.c.o
                0x0000000000061dbc                nrf_atfifo_item_free
 .text.nrf_atflags_set
                0x0000000000061ddc       0x14 _build/nrf52832_xxaa/nrf_atflags.c.o
                0x0000000000061ddc                nrf_atflags_set
 .text.nrf_atflags_clear
                0x0000000000061df0       0x14 _build/nrf52832_xxaa/nrf_atflags.c.o
                0x0000000000061df0                nrf_atflags_clear
 .text.nrf_atflags_get
                0x0000000000061e04       0x14 _build/nrf52832_xxaa/nrf_atflags.c.o
                0x0000000000061e04                nrf_atflags_get
 .text.nrf_atomic_u32_fetch_store
                0x0000000000061e18       0x18 _build/nrf52832_xxaa/nrf_atomic.c.o
                0x0000000000061e18                nrf_atomic_u32_fetch_store
 .text.nrf_atomic_u32_or
                0x0000000000061e30       0x1c _build/nrf52832_xxaa/nrf_atomic.c.o
                0x0000000000061e30                nrf_atomic_u32_or
 .text.nrf_atomic_u32_and
                0x0000000000061e4c       0x1c _build/nrf52832_xxaa/nrf_atomic.c.o
                0x0000000000061e4c                nrf_atomic_u32_and
 .text.nrf_atomic_u32_add
                0x0000000000061e68       0x1c _build/nrf52832_xxaa/nrf_atomic.c.o
                0x0000000000061e68                nrf_atomic_u32_add
 .text.nrf_atomic_u32_sub
                0x0000000000061e84       0x1c _build/nrf52832_xxaa/nrf_atomic.c.o
                0x0000000000061e84                nrf_atomic_u32_sub
 .text.nrf_atomic_flag_set
                0x0000000000061ea0       0x1c _build/nrf52832_xxaa/nrf_atomic.c.o
                0x0000000000061ea0                nrf_atomic_flag_set
 .text.nrf_atomic_flag_clear_fetch
                0x0000000000061ebc       0x1c _build/nrf52832_xxaa/nrf_atomic.c.o
                0x0000000000061ebc                nrf_atomic_flag_clear_fetch
 .text.nrf_balloc_init
                0x0000000000061ed8       0x38 _build/nrf52832_xxaa/nrf_balloc.c.o
                0x0000000000061ed8                nrf_balloc_init
 .text.nrf_balloc_alloc
                0x0000000000061f10       0x50 _build/nrf52832_xxaa/nrf_balloc.c.o
                0x0000000000061f10                nrf_balloc_alloc
 .text.nrf_balloc_free
                0x0000000000061f60       0x38 _build/nrf52832_xxaa/nrf_balloc.c.o
                0x0000000000061f60                nrf_balloc_free
 .text.nrf_fprintf_buffer_flush
                0x0000000000061f98       0x18 _build/nrf52832_xxaa/nrf_fprintf.c.o
                0x0000000000061f98                nrf_fprintf_buffer_flush
 .text.nrf_fprintf
                0x0000000000061fb0       0x20 _build/nrf52832_xxaa/nrf_fprintf.c.o
                0x0000000000061fb0                nrf_fprintf
 .text.unsigned_print
                0x0000000000061fd0      0x13c _build/nrf52832_xxaa/nrf_fprintf_format.c.o
 .text.nrf_fprintf_fmt
                0x000000000006210c      0x580 _build/nrf52832_xxaa/nrf_fprintf_format.c.o
                0x000000000006210c                nrf_fprintf_fmt
 .text.nrf_memobj_pool_init
                0x000000000006268c        0x4 _build/nrf52832_xxaa/nrf_memobj.c.o
                0x000000000006268c                nrf_memobj_pool_init
 .text.nrf_memobj_alloc
                0x0000000000062690       0x90 _build/nrf52832_xxaa/nrf_memobj.c.o
                0x0000000000062690                nrf_memobj_alloc
 .text.nrf_memobj_free
                0x0000000000062720       0x34 _build/nrf52832_xxaa/nrf_memobj.c.o
                0x0000000000062720                nrf_memobj_free
 .text.nrf_memobj_get
                0x0000000000062754        0x8 _build/nrf52832_xxaa/nrf_memobj.c.o
                0x0000000000062754                nrf_memobj_get
 .text.nrf_memobj_put
                0x000000000006275c       0x44 _build/nrf52832_xxaa/nrf_memobj.c.o
                0x000000000006275c                nrf_memobj_put
 .text.nrf_memobj_write
                0x00000000000627a0       0x6c _build/nrf52832_xxaa/nrf_memobj.c.o
                0x00000000000627a0                nrf_memobj_write
 .text.nrf_memobj_read
                0x000000000006280c       0x6c _build/nrf52832_xxaa/nrf_memobj.c.o
                0x000000000006280c                nrf_memobj_read
 .text.sd_app_evt_wait
                0x0000000000062878        0x4 _build/nrf52832_xxaa/nrf_pwr_mgmt.c.o
 .text.nrf_pwr_mgmt_init
                0x000000000006287c       0x2c _build/nrf52832_xxaa/nrf_pwr_mgmt.c.o
                0x000000000006287c                nrf_pwr_mgmt_init
 .text.nrf_pwr_mgmt_run
                0x00000000000628a8       0x50 _build/nrf52832_xxaa/nrf_pwr_mgmt.c.o
                0x00000000000628a8                nrf_pwr_mgmt_run
 .text.nrf_queue_push
                0x00000000000628f8       0xe8 _build/nrf52832_xxaa/nrf_queue.c.o
                0x00000000000628f8                nrf_queue_push
 .text.nrf_queue_generic_pop
                0x00000000000629e0       0x9c _build/nrf52832_xxaa/nrf_queue.c.o
                0x00000000000629e0                nrf_queue_generic_pop
 .text.nrf_queue_is_empty
                0x0000000000062a7c       0x10 _build/nrf52832_xxaa/nrf_queue.c.o
                0x0000000000062a7c                nrf_queue_is_empty
 .text.nrf_ringbuf_init
                0x0000000000062a8c       0x1c _build/nrf52832_xxaa/nrf_ringbuf.c.o
                0x0000000000062a8c                nrf_ringbuf_init
 .text.nrf_section_iter_init
                0x0000000000062aa8       0x14 _build/nrf52832_xxaa/nrf_section_iter.c.o
                0x0000000000062aa8                nrf_section_iter_init
 .text.nrf_section_iter_next
                0x0000000000062abc       0x18 _build/nrf52832_xxaa/nrf_section_iter.c.o
                0x0000000000062abc                nrf_section_iter_next
 .text.nrf_sortlist_add
                0x0000000000062ad4       0x28 _build/nrf52832_xxaa/nrf_sortlist.c.o
                0x0000000000062ad4                nrf_sortlist_add
 .text.nrf_sortlist_pop
                0x0000000000062afc        0xc _build/nrf52832_xxaa/nrf_sortlist.c.o
                0x0000000000062afc                nrf_sortlist_pop
 .text.nrf_sortlist_peek
                0x0000000000062b08        0x8 _build/nrf52832_xxaa/nrf_sortlist.c.o
                0x0000000000062b08                nrf_sortlist_peek
 .text.nrf_sortlist_remove
                0x0000000000062b10       0x28 _build/nrf52832_xxaa/nrf_sortlist.c.o
                0x0000000000062b10                nrf_sortlist_remove
 .text.nrf_strerror_get
                0x0000000000062b38       0x6c _build/nrf52832_xxaa/nrf_strerror.c.o
                0x0000000000062b38                nrf_strerror_get
 .text.SystemInit
                0x0000000000062ba4      0x3cc _build/nrf52832_xxaa/system_nrf52.c.o
                0x0000000000062ba4                SystemInit
 .text.bsp_board_led_on
                0x0000000000062f70       0x18 _build/nrf52832_xxaa/boards.c.o
                0x0000000000062f70                bsp_board_led_on
 .text.bsp_board_led_off
                0x0000000000062f88       0x18 _build/nrf52832_xxaa/boards.c.o
                0x0000000000062f88                bsp_board_led_off
 .text.bsp_board_init
                0x0000000000062fa0       0x5c _build/nrf52832_xxaa/boards.c.o
                0x0000000000062fa0                bsp_board_init
 .text.clock_irq_handler
                0x0000000000062ffc       0x40 _build/nrf52832_xxaa/nrf_drv_clock.c.o
 .text.soc_evt_handler
                0x000000000006303c       0x24 _build/nrf52832_xxaa/nrf_drv_clock.c.o
 .text.sd_state_evt_handler
                0x0000000000063060       0xa0 _build/nrf52832_xxaa/nrf_drv_clock.c.o
 .text.uarte_evt_handler
                0x0000000000063100       0x34 _build/nrf52832_xxaa/nrf_drv_uart.c.o
 .text.uart_evt_handler
                0x0000000000063134       0x34 _build/nrf52832_xxaa/nrf_drv_uart.c.o
 .text.nrf_drv_uart_init
                0x0000000000063168       0x80 _build/nrf52832_xxaa/nrf_drv_uart.c.o
                0x0000000000063168                nrf_drv_uart_init
 .text.nrfx_clock_init
                0x00000000000631e8       0x1c _build/nrf52832_xxaa/nrfx_clock.c.o
                0x00000000000631e8                nrfx_clock_init
 .text.nrfx_clock_enable
                0x0000000000063204       0x24 _build/nrf52832_xxaa/nrfx_clock.c.o
                0x0000000000063204                nrfx_clock_enable
 .text.nrfx_clock_lfclk_stop
                0x0000000000063228       0x18 _build/nrf52832_xxaa/nrfx_clock.c.o
                0x0000000000063228                nrfx_clock_lfclk_stop
 .text.POWER_CLOCK_IRQHandler
                0x0000000000063240       0x60 _build/nrf52832_xxaa/nrfx_clock.c.o
                0x0000000000063240                POWER_CLOCK_IRQHandler
 .text.nrfx_gpiote_init
                0x00000000000632a0       0x98 _build/nrf52832_xxaa/nrfx_gpiote.c.o
                0x00000000000632a0                nrfx_gpiote_init
 .text.nrfx_gpiote_is_init
                0x0000000000063338       0x14 _build/nrf52832_xxaa/nrfx_gpiote.c.o
                0x0000000000063338                nrfx_gpiote_is_init
 .text.nrfx_gpiote_in_init
                0x000000000006334c      0x1a4 _build/nrf52832_xxaa/nrfx_gpiote.c.o
                0x000000000006334c                nrfx_gpiote_in_init
 .text.nrfx_gpiote_in_event_enable
                0x00000000000634f0       0xc4 _build/nrf52832_xxaa/nrfx_gpiote.c.o
                0x00000000000634f0                nrfx_gpiote_in_event_enable
 .text.nrfx_gpiote_in_is_set
                0x00000000000635b4       0x14 _build/nrf52832_xxaa/nrfx_gpiote.c.o
                0x00000000000635b4                nrfx_gpiote_in_is_set
 .text.GPIOTE_IRQHandler
                0x00000000000635c8      0x528 _build/nrf52832_xxaa/nrfx_gpiote.c.o
                0x00000000000635c8                GPIOTE_IRQHandler
 .text.UARTE0_UART0_IRQHandler
                0x0000000000063af0        0xc _build/nrf52832_xxaa/nrfx_prs.c.o
                0x0000000000063af0                UARTE0_UART0_IRQHandler
 .text.nrfx_prs_acquire
                0x0000000000063afc       0x4c _build/nrf52832_xxaa/nrfx_prs.c.o
                0x0000000000063afc                nrfx_prs_acquire
 .text.nrfx_prs_release
                0x0000000000063b48       0x18 _build/nrf52832_xxaa/nrfx_prs.c.o
                0x0000000000063b48                nrfx_prs_release
 .text.nrfx_uart_0_irq_handler
                0x0000000000063b60      0x1c8 _build/nrf52832_xxaa/nrfx_uart.c.o
                0x0000000000063b60                nrfx_uart_0_irq_handler
 .text.nrfx_uart_init
                0x0000000000063d28      0x18c _build/nrf52832_xxaa/nrfx_uart.c.o
                0x0000000000063d28                nrfx_uart_init
 .text.nrfx_uart_uninit
                0x0000000000063eb4       0xcc _build/nrf52832_xxaa/nrfx_uart.c.o
                0x0000000000063eb4                nrfx_uart_uninit
 .text.nrfx_uart_tx
                0x0000000000063f80       0xc8 _build/nrf52832_xxaa/nrfx_uart.c.o
                0x0000000000063f80                nrfx_uart_tx
 .text.nrfx_uarte_0_irq_handler
                0x0000000000064048      0x16c _build/nrf52832_xxaa/nrfx_uarte.c.o
                0x0000000000064048                nrfx_uarte_0_irq_handler
 .text.nrfx_uarte_init
                0x00000000000641b4      0x1dc _build/nrf52832_xxaa/nrfx_uarte.c.o
                0x00000000000641b4                nrfx_uarte_init
 .text.nrfx_uarte_uninit
                0x0000000000064390      0x104 _build/nrf52832_xxaa/nrfx_uarte.c.o
                0x0000000000064390                nrfx_uarte_uninit
 .text.nrfx_uarte_tx
                0x0000000000064494       0xa4 _build/nrf52832_xxaa/nrfx_uarte.c.o
                0x0000000000064494                nrfx_uarte_tx
 .text.bsp_event_to_button_action_assign
                0x0000000000064538       0x50 _build/nrf52832_xxaa/bsp.c.o
                0x0000000000064538                bsp_event_to_button_action_assign
 .text.ble_evt_handler
                0x0000000000064588       0xb0 _build/nrf52832_xxaa/bsp_btn_ble.c.o
 .text.sd_ble_gap_conn_param_update
                0x0000000000064638        0x4 _build/nrf52832_xxaa/main.c.o
 .text.sd_ble_gap_disconnect
                0x000000000006463c        0x4 _build/nrf52832_xxaa/main.c.o
 .text.sd_ble_gap_phy_update
                0x0000000000064640        0x4 _build/nrf52832_xxaa/main.c.o
 .text.lbs_error_handler
                0x0000000000064644        0x4 _build/nrf52832_xxaa/main.c.o
 .text.db_disc_handler
                0x0000000000064648        0xc _build/nrf52832_xxaa/main.c.o
 .text.scan_evt_handler
                0x0000000000064654       0x10 _build/nrf52832_xxaa/main.c.o
 .text.button_event_handler
                0x0000000000064664       0x54 _build/nrf52832_xxaa/main.c.o
 .text.lbs_c_evt_handler
                0x00000000000646b8       0x90 _build/nrf52832_xxaa/main.c.o
 .text.ble_evt_handler
                0x0000000000064748       0xf4 _build/nrf52832_xxaa/main.c.o
 .text.startup.main
                0x000000000006483c      0x16c _build/nrf52832_xxaa/main.c.o
                0x000000000006483c                main
 .text.ble_advdata_name_find
                0x00000000000649a8       0x70 _build/nrf52832_xxaa/ble_advdata.c.o
                0x00000000000649a8                ble_advdata_name_find
 .text.ble_evt_handler
                0x0000000000064a18      0x168 _build/nrf52832_xxaa/ble_conn_state.c.o
 .text.descriptors_discover
                0x0000000000064b80       0xe0 _build/nrf52832_xxaa/ble_db_discovery.c.o
 .text.discovery_error_handler
                0x0000000000064c60      0x10c _build/nrf52832_xxaa/ble_db_discovery.c.o
 .text.on_srv_disc_completion
                0x0000000000064d6c      0x1a8 _build/nrf52832_xxaa/ble_db_discovery.c.o
 .text.ble_db_discovery_init
                0x0000000000064f14       0x38 _build/nrf52832_xxaa/ble_db_discovery.c.o
                0x0000000000064f14                ble_db_discovery_init
 .text.ble_db_discovery_evt_register
                0x0000000000064f4c       0xc8 _build/nrf52832_xxaa/ble_db_discovery.c.o
                0x0000000000064f4c                ble_db_discovery_evt_register
 .text.ble_db_discovery_start
                0x0000000000065014       0xa8 _build/nrf52832_xxaa/ble_db_discovery.c.o
                0x0000000000065014                ble_db_discovery_start
 .text.ble_db_discovery_on_ble_evt
                0x00000000000650bc      0xbcc _build/nrf52832_xxaa/ble_db_discovery.c.o
                0x00000000000650bc                ble_db_discovery_on_ble_evt
 .text.sd_ble_gap_data_length_update
                0x0000000000065c88        0x4 _build/nrf52832_xxaa/nrf_ble_gatt.c.o
 .text.sd_ble_gattc_exchange_mtu_request
                0x0000000000065c8c        0x4 _build/nrf52832_xxaa/nrf_ble_gatt.c.o
 .text.sd_ble_gatts_exchange_mtu_reply
                0x0000000000065c90        0x4 _build/nrf52832_xxaa/nrf_ble_gatt.c.o
 .text.nrf_ble_gatt_init
                0x0000000000065c94       0x2c _build/nrf52832_xxaa/nrf_ble_gatt.c.o
                0x0000000000065c94                nrf_ble_gatt_init
 .text.nrf_ble_gatt_on_ble_evt
                0x0000000000065cc0      0x268 _build/nrf52832_xxaa/nrf_ble_gatt.c.o
                0x0000000000065cc0                nrf_ble_gatt_on_ble_evt
 .text.sd_ble_gattc_primary_services_discover
                0x0000000000065f28        0x4 _build/nrf52832_xxaa/nrf_ble_gq.c.o
 .text.sd_ble_gattc_characteristics_discover
                0x0000000000065f2c        0x4 _build/nrf52832_xxaa/nrf_ble_gq.c.o
 .text.sd_ble_gattc_descriptors_discover
                0x0000000000065f30        0x4 _build/nrf52832_xxaa/nrf_ble_gq.c.o
 .text.sd_ble_gattc_read
                0x0000000000065f34        0x4 _build/nrf52832_xxaa/nrf_ble_gq.c.o
 .text.sd_ble_gattc_write
                0x0000000000065f38        0x4 _build/nrf52832_xxaa/nrf_ble_gq.c.o
 .text.sd_ble_gatts_hvx
                0x0000000000065f3c        0x4 _build/nrf52832_xxaa/nrf_ble_gq.c.o
 .text.gatts_hvx_alloc
                0x0000000000065f40       0x3c _build/nrf52832_xxaa/nrf_ble_gq.c.o
 .text.gattc_write_alloc
                0x0000000000065f7c       0x2c _build/nrf52832_xxaa/nrf_ble_gq.c.o
 .text.queue_process
                0x0000000000065fa8      0x150 _build/nrf52832_xxaa/nrf_ble_gq.c.o
 .text.nrf_ble_gq_item_add
                0x00000000000660f8      0x208 _build/nrf52832_xxaa/nrf_ble_gq.c.o
                0x00000000000660f8                nrf_ble_gq_item_add
 .text.nrf_ble_gq_conn_handle_register
                0x0000000000066300       0xfc _build/nrf52832_xxaa/nrf_ble_gq.c.o
                0x0000000000066300                nrf_ble_gq_conn_handle_register
 .text.nrf_ble_gq_on_ble_evt
                0x00000000000663fc       0xa8 _build/nrf52832_xxaa/nrf_ble_gq.c.o
                0x00000000000663fc                nrf_ble_gq_on_ble_evt
 .text.sd_ble_gap_scan_start
                0x00000000000664a4        0x4 _build/nrf52832_xxaa/nrf_ble_scan.c.o
 .text.sd_ble_gap_scan_stop
                0x00000000000664a8        0x4 _build/nrf52832_xxaa/nrf_ble_scan.c.o
 .text.sd_ble_gap_connect
                0x00000000000664ac        0x4 _build/nrf52832_xxaa/nrf_ble_scan.c.o
 .text.nrf_ble_scan_filter_set
                0x00000000000664b0       0x60 _build/nrf52832_xxaa/nrf_ble_scan.c.o
                0x00000000000664b0                nrf_ble_scan_filter_set
 .text.nrf_ble_scan_filters_enable
                0x0000000000066510       0x28 _build/nrf52832_xxaa/nrf_ble_scan.c.o
                0x0000000000066510                nrf_ble_scan_filters_enable
 .text.nrf_ble_scan_init
                0x0000000000066538       0xcc _build/nrf52832_xxaa/nrf_ble_scan.c.o
                0x0000000000066538                nrf_ble_scan_init
 .text.nrf_ble_scan_start
                0x0000000000066604       0x74 _build/nrf52832_xxaa/nrf_ble_scan.c.o
                0x0000000000066604                nrf_ble_scan_start
 .text.nrf_ble_scan_on_ble_evt
                0x0000000000066678      0x20c _build/nrf52832_xxaa/nrf_ble_scan.c.o
                0x0000000000066678                nrf_ble_scan_on_ble_evt
 .text.sd_ble_uuid_vs_add
                0x0000000000066884        0x4 _build/nrf52832_xxaa/ble_lbs_c.c.o
 .text.gatt_error_handler
                0x0000000000066888        0x8 _build/nrf52832_xxaa/ble_lbs_c.c.o
 .text.ble_lbs_on_db_disc_evt
                0x0000000000066890       0xc4 _build/nrf52832_xxaa/ble_lbs_c.c.o
                0x0000000000066890                ble_lbs_on_db_disc_evt
 .text.ble_lbs_c_init
                0x0000000000066954       0x60 _build/nrf52832_xxaa/ble_lbs_c.c.o
                0x0000000000066954                ble_lbs_c_init
 .text.ble_lbs_c_on_ble_evt
                0x00000000000669b4       0x5c _build/nrf52832_xxaa/ble_lbs_c.c.o
                0x00000000000669b4                ble_lbs_c_on_ble_evt
 .text.ble_lbs_c_button_notif_enable
                0x0000000000066a10       0x58 _build/nrf52832_xxaa/ble_lbs_c.c.o
                0x0000000000066a10                ble_lbs_c_button_notif_enable
 .text.ble_lbs_led_status_send
                0x0000000000066a68       0x68 _build/nrf52832_xxaa/ble_lbs_c.c.o
                0x0000000000066a68                ble_lbs_led_status_send
 .text.ble_lbs_c_handles_assign
                0x0000000000066ad0       0x1c _build/nrf52832_xxaa/ble_lbs_c.c.o
                0x0000000000066ad0                ble_lbs_c_handles_assign
 .text.sd_softdevice_enable
                0x0000000000066aec        0x4 _build/nrf52832_xxaa/nrf_sdh.c.o
 .text.nrf_sdh_enable_request
                0x0000000000066af0      0x110 _build/nrf52832_xxaa/nrf_sdh.c.o
                0x0000000000066af0                nrf_sdh_enable_request
 .text.nrf_sdh_is_enabled
                0x0000000000066c00        0xc _build/nrf52832_xxaa/nrf_sdh.c.o
                0x0000000000066c00                nrf_sdh_is_enabled
 .text.SWI2_EGU2_IRQHandler
                0x0000000000066c0c       0x2c _build/nrf52832_xxaa/nrf_sdh.c.o
                0x0000000000066c0c                SWI2_EGU2_IRQHandler
 .text.sd_ble_enable
                0x0000000000066c38        0x4 _build/nrf52832_xxaa/nrf_sdh_ble.c.o
 .text.sd_ble_cfg_set
                0x0000000000066c3c        0x4 _build/nrf52832_xxaa/nrf_sdh_ble.c.o
 .text.sd_ble_evt_get
                0x0000000000066c40        0x4 _build/nrf52832_xxaa/nrf_sdh_ble.c.o
 .text.nrf_sdh_ble_evts_poll
                0x0000000000066c44       0x58 _build/nrf52832_xxaa/nrf_sdh_ble.c.o
 .text.nrf_sdh_ble_default_cfg_set
                0x0000000000066c9c      0x174 _build/nrf52832_xxaa/nrf_sdh_ble.c.o
                0x0000000000066c9c                nrf_sdh_ble_default_cfg_set
 .text.nrf_sdh_ble_enable
                0x0000000000066e10       0x9c _build/nrf52832_xxaa/nrf_sdh_ble.c.o
                0x0000000000066e10                nrf_sdh_ble_enable
 .text.sd_evt_get
                0x0000000000066eac        0x4 _build/nrf52832_xxaa/nrf_sdh_soc.c.o
 .text.nrf_sdh_soc_evts_poll
                0x0000000000066eb0       0x4c _build/nrf52832_xxaa/nrf_sdh_soc.c.o
 .text          0x0000000000066efc        0xc /usr/lib/gcc/arm-none-eabi/6.3.1/../../../arm-none-eabi/lib/thumb/v7e-m/fpv4-sp/hard/libc_nano.a(lib_a-atexit.o)
                0x0000000000066efc                atexit
 .text          0x0000000000066f08       0x28 /usr/lib/gcc/arm-none-eabi/6.3.1/../../../arm-none-eabi/lib/thumb/v7e-m/fpv4-sp/hard/libc_nano.a(lib_a-exit.o)
                0x0000000000066f08                exit
 .text          0x0000000000066f30       0x34 /usr/lib/gcc/arm-none-eabi/6.3.1/../../../arm-none-eabi/lib/thumb/v7e-m/fpv4-sp/hard/libc_nano.a(lib_a-fini.o)
                0x0000000000066f30                __libc_fini_array
 .text          0x0000000000066f64       0x50 /usr/lib/gcc/arm-none-eabi/6.3.1/../../../arm-none-eabi/lib/thumb/v7e-m/fpv4-sp/hard/libc_nano.a(lib_a-init.o)
                0x0000000000066f64                __libc_init_array
 .text          0x0000000000066fb4       0x60 /usr/lib/gcc/arm-none-eabi/6.3.1/../../../arm-none-eabi/lib/thumb/v7e-m/fpv4-sp/hard/libc_nano.a(lib_a-memcmp.o)
                0x0000000000066fb4                memcmp
 .text          0x0000000000067014      0x134 /usr/lib/gcc/arm-none-eabi/6.3.1/../../../arm-none-eabi/lib/thumb/v7e-m/fpv4-sp/hard/libc_nano.a(lib_a-memcpy.o)
                0x0000000000067014                memcpy
 .text          0x0000000000067148       0x9c /usr/lib/gcc/arm-none-eabi/6.3.1/../../../arm-none-eabi/lib/thumb/v7e-m/fpv4-sp/hard/libc_nano.a(lib_a-memset.o)
                0x0000000000067148                memset
 *fill*         0x00000000000671e4       0x1c 
 .text          0x0000000000067200      0x2dc /usr/lib/gcc/arm-none-eabi/6.3.1/../../../arm-none-eabi/lib/thumb/v7e-m/fpv4-sp/hard/libc_nano.a(lib_a-strcmp.o)
                0x0000000000067208                strcmp
 *fill*         0x00000000000674dc       0x24 
 .text          0x0000000000067500       0xdc /usr/lib/gcc/arm-none-eabi/6.3.1/../../../arm-none-eabi/lib/thumb/v7e-m/fpv4-sp/hard/libc_nano.a(lib_a-strlen.o)
                0x0000000000067500                strlen
 .text          0x00000000000675dc       0xd0 /usr/lib/gcc/arm-none-eabi/6.3.1/../../../arm-none-eabi/lib/thumb/v7e-m/fpv4-sp/hard/libc_nano.a(lib_a-__atexit.o)
                0x00000000000675dc                __register_exitproc
 .text          0x00000000000676ac       0xf4 /usr/lib/gcc/arm-none-eabi/6.3.1/../../../arm-none-eabi/lib/thumb/v7e-m/fpv4-sp/hard/libc_nano.a(lib_a-__call_atexit.o)
                0x00000000000676ac                __call_exitprocs
 .text          0x00000000000677a0        0x4 /usr/lib/gcc/arm-none-eabi/6.3.1/../../../arm-none-eabi/lib/thumb/v7e-m/fpv4-sp/hard/libnosys.a(_exit.o)
                0x00000000000677a0                _exit
 *(.init)
 .init          0x00000000000677a4        0x4 /usr/lib/gcc/arm-none-eabi/6.3.1/thumb/v7e-m/fpv4-sp/hard/crti.o
                0x00000000000677a4                _init
 .init          0x00000000000677a8        0x8 /usr/lib/gcc/arm-none-eabi/6.3.1/thumb/v7e-m/fpv4-sp/hard/crtn.o
 *(.fini)
 .fini          0x00000000000677b0        0x4 /usr/lib/gcc/arm-none-eabi/6.3.1/thumb/v7e-m/fpv4-sp/hard/crti.o
                0x00000000000677b0                _fini
 .fini          0x00000000000677b4        0x8 /usr/lib/gcc/arm-none-eabi/6.3.1/thumb/v7e-m/fpv4-sp/hard/crtn.o
 *crtbegin.o(.ctors)
 *crtbegin?.o(.ctors)
 *(EXCLUDE_FILE(*crtend.o *crtend?.o) .ctors)
 *(SORT(.ctors.*))
 *(.ctors)
 *crtbegin.o(.dtors)
 *crtbegin?.o(.dtors)
 *(EXCLUDE_FILE(*crtend.o *crtend?.o) .dtors)
 *(SORT(.dtors.*))
 *(.dtors)
 *(.rodata*)
 .rodata        0x00000000000677bc       0x20 _build/nrf52832_xxaa/nrf_log_backend_uart.c.o
 .rodata.nrf_log_backend_uart_api
                0x00000000000677dc        0xc _build/nrf52832_xxaa/nrf_log_backend_uart.c.o
                0x00000000000677dc                nrf_log_backend_uart_api
 .rodata.str1.4
                0x00000000000677e8       0x11 _build/nrf52832_xxaa/nrf_log_default_backends.c.o
 *fill*         0x00000000000677f9        0x3 
 .rodata.m_log_push_ringbuf
                0x00000000000677fc        0xc _build/nrf52832_xxaa/nrf_log_frontend.c.o
 .rodata.nrf_log_frontend_dequeue.str1.4
                0x0000000000067808       0x11 _build/nrf52832_xxaa/nrf_log_frontend.c.o
 *fill*         0x0000000000067819        0x3 
 .rodata.str1.4
                0x000000000006781c        0x4 _build/nrf52832_xxaa/nrf_log_frontend.c.o
 .rodata.m_colors
                0x0000000000067820       0x24 _build/nrf52832_xxaa/nrf_log_str_formatter.c.o
 .rodata.nrf_log_hexdump_entry_process.str1.4
                0x0000000000067844       0x13 _build/nrf52832_xxaa/nrf_log_str_formatter.c.o
                                         0x16 (size before relaxing)
 *fill*         0x0000000000067857        0x1 
 .rodata.nrf_log_std_entry_process.str1.4
                0x0000000000067858       0x3b _build/nrf52832_xxaa/nrf_log_str_formatter.c.o
 *fill*         0x0000000000067893        0x1 
 .rodata.severity_names
                0x0000000000067894       0x14 _build/nrf52832_xxaa/nrf_log_str_formatter.c.o
 .rodata.str1.4
                0x00000000000678a8       0x56 _build/nrf52832_xxaa/nrf_log_str_formatter.c.o
 *fill*         0x00000000000678fe        0x2 
 .rodata.m_detection_delay_timer_id
                0x0000000000067900        0x4 _build/nrf52832_xxaa/app_button.c.o
 .rodata.str1.4
                0x0000000000067904        0xb _build/nrf52832_xxaa/app_button.c.o
 *fill*         0x000000000006790f        0x1 
 .rodata.app_error_fault_handler.str1.4
                0x0000000000067910       0x19 _build/nrf52832_xxaa/app_error_weak.c.o
 *fill*         0x0000000000067929        0x3 
 .rodata        0x000000000006792c        0x4 _build/nrf52832_xxaa/app_timer2.c.o
 .rodata.m_app_timer_sortlist
                0x0000000000067930        0xc _build/nrf52832_xxaa/app_timer2.c.o
 .rodata.str1.4
                0x000000000006793c        0xa _build/nrf52832_xxaa/app_timer2.c.o
 *fill*         0x0000000000067946        0xa 
 .rodata.delay_machine_code.8176
                0x0000000000067950        0x6 _build/nrf52832_xxaa/drv_rtc.c.o
 *fill*         0x0000000000067956        0x2 
 .rodata.drv_rtc_init.str1.4
                0x0000000000067958       0x36 _build/nrf52832_xxaa/drv_rtc.c.o
 *fill*         0x000000000006798e        0x2 
 .rodata._aV2C.7281
                0x0000000000067990       0x10 _build/nrf52832_xxaa/nrf_fprintf_format.c.o
 .rodata.pwr_mgmt_data
                0x00000000000679a0        0xc _build/nrf52832_xxaa/nrf_pwr_mgmt.c.o
 .rodata.str1.4
                0x00000000000679ac        0x9 _build/nrf52832_xxaa/nrf_pwr_mgmt.c.o
 *fill*         0x00000000000679b5        0x3 
 .rodata.str1.4
                0x00000000000679b8        0x9 _build/nrf52832_xxaa/nrf_sortlist.c.o
 *fill*         0x00000000000679c1        0x3 
 .rodata.m_unknown_str
                0x00000000000679c4       0x13 _build/nrf52832_xxaa/nrf_strerror.c.o
 *fill*         0x00000000000679d7        0x1 
 .rodata.nrf_strerror_array
                0x00000000000679d8      0x128 _build/nrf52832_xxaa/nrf_strerror.c.o
 .rodata.str1.4
                0x0000000000067b00      0x3e9 _build/nrf52832_xxaa/nrf_strerror.c.o
 *fill*         0x0000000000067ee9        0x3 
 .rodata.m_board_led_list
                0x0000000000067eec        0x4 _build/nrf52832_xxaa/boards.c.o
 .rodata.str1.4
                0x0000000000067ef0        0x6 _build/nrf52832_xxaa/nrf_drv_clock.c.o
 *fill*         0x0000000000067ef6        0x2 
 .rodata.str1.4
                0x0000000000067ef8        0x6 _build/nrf52832_xxaa/nrfx_clock.c.o
 *fill*         0x0000000000067efe        0x2 
 .rodata.str1.4
                0x0000000000067f00        0x7 _build/nrf52832_xxaa/nrfx_gpiote.c.o
 *fill*         0x0000000000067f07        0x1 
 .rodata.str1.4
                0x0000000000067f08        0x4 _build/nrf52832_xxaa/nrfx_prs.c.o
 .rodata.str1.4
                0x0000000000067f0c        0x5 _build/nrf52832_xxaa/nrfx_uart.c.o
 *fill*         0x0000000000067f11        0x3 
 .rodata.str1.4
                0x0000000000067f14        0x6 _build/nrf52832_xxaa/nrfx_uarte.c.o
 *fill*         0x0000000000067f1a        0x2 
 .rodata.ble_evt_handler.str1.4
                0x0000000000067f1c       0x1a _build/nrf52832_xxaa/main.c.o
 *fill*         0x0000000000067f36        0x2 
 .rodata.button_event_handler.str1.4
                0x0000000000067f38       0x17 _build/nrf52832_xxaa/main.c.o
 *fill*         0x0000000000067f4f        0x1 
 .rodata.lbs_c_evt_handler.str1.4
                0x0000000000067f50       0x5a _build/nrf52832_xxaa/main.c.o
 *fill*         0x0000000000067faa        0x2 
 .rodata.m_ble_gatt_queuereq_queue
                0x0000000000067fac       0x14 _build/nrf52832_xxaa/main.c.o
 .rodata.m_target_periph_name
                0x0000000000067fc0        0xe _build/nrf52832_xxaa/main.c.o
 *fill*         0x0000000000067fce        0x2 
 .rodata.main.str1.4
                0x0000000000067fd0       0x20 _build/nrf52832_xxaa/main.c.o
 .rodata.ble_db_discovery_on_ble_evt.str1.4
                0x0000000000067ff0      0x10a _build/nrf52832_xxaa/ble_db_discovery.c.o
 *fill*         0x00000000000680fa        0x2 
 .rodata.str1.4
                0x00000000000680fc        0xc _build/nrf52832_xxaa/ble_db_discovery.c.o
 .rodata.nrf_ble_gatt_data_length_set.str1.4
                0x0000000000068108       0xe2 _build/nrf52832_xxaa/nrf_ble_gatt.c.o
 *fill*         0x00000000000681ea        0x2 
 .rodata.nrf_ble_gatt_on_ble_evt.str1.4
                0x00000000000681ec       0x63 _build/nrf52832_xxaa/nrf_ble_gatt.c.o
 *fill*         0x000000000006824f        0x1 
 .rodata.str1.4
                0x0000000000068250        0xd _build/nrf52832_xxaa/nrf_ble_gatt.c.o
 *fill*         0x000000000006825d        0x3 
 .rodata.m_req_data_alloc
                0x0000000000068260       0x18 _build/nrf52832_xxaa/nrf_ble_gq.c.o
 .rodata.queue_process.str1.4
                0x0000000000068278       0x66 _build/nrf52832_xxaa/nrf_ble_gq.c.o
 *fill*         0x00000000000682de        0x2 
 .rodata.str1.4
                0x00000000000682e0        0xb _build/nrf52832_xxaa/nrf_ble_gq.c.o
 *fill*         0x00000000000682eb        0x1 
 .rodata.nrf_ble_scan_start.str1.4
                0x00000000000682ec       0x24 _build/nrf52832_xxaa/nrf_ble_scan.c.o
 .rodata.str1.4
                0x0000000000068310        0x9 _build/nrf52832_xxaa/nrf_ble_scan.c.o
 *fill*         0x0000000000068319        0x3 
 .rodata        0x000000000006831c       0x10 _build/nrf52832_xxaa/ble_lbs_c.c.o
 .rodata.str1.4
                0x000000000006832c        0xa _build/nrf52832_xxaa/ble_lbs_c.c.o
 *fill*         0x0000000000068336        0x2 
 .rodata        0x0000000000068338        0x4 _build/nrf52832_xxaa/nrf_sdh.c.o
 .rodata.sdh_req_observers
                0x000000000006833c        0xc _build/nrf52832_xxaa/nrf_sdh.c.o
 .rodata.sdh_stack_observers
                0x0000000000068348        0xc _build/nrf52832_xxaa/nrf_sdh.c.o
 .rodata.sdh_state_observers
                0x0000000000068354        0xc _build/nrf52832_xxaa/nrf_sdh.c.o
 .rodata.str1.4
                0x0000000000068360        0x8 _build/nrf52832_xxaa/nrf_sdh.c.o
 .rodata.nrf_sdh_ble_default_cfg_set.str1.4
                0x0000000000068368      0x187 _build/nrf52832_xxaa/nrf_sdh_ble.c.o
 *fill*         0x00000000000684ef        0x1 
 .rodata.nrf_sdh_ble_enable.str1.4
                0x00000000000684f0       0xad _build/nrf52832_xxaa/nrf_sdh_ble.c.o
 *fill*         0x000000000006859d        0x3 
 .rodata.sdh_ble_observers
                0x00000000000685a0        0xc _build/nrf52832_xxaa/nrf_sdh_ble.c.o
 .rodata.str1.4
                0x00000000000685ac        0xc _build/nrf52832_xxaa/nrf_sdh_ble.c.o
 .rodata.sdh_soc_observers
                0x00000000000685b8        0xc _build/nrf52832_xxaa/nrf_sdh_soc.c.o
 .rodata.str1.4
                0x00000000000685c4        0xc _build/nrf52832_xxaa/nrf_sdh_soc.c.o
 .rodata.str1.4
                0x00000000000685d0       0x18 _build/nrf52832_xxaa/extra.c.o
 .rodata        0x00000000000685e8      0x101 /usr/lib/gcc/arm-none-eabi/6.3.1/../../../arm-none-eabi/lib/thumb/v7e-m/fpv4-sp/hard/libc_nano.a(lib_a-ctype_.o)
                0x00000000000685e8                _ctype_
 *fill*         0x00000000000686e9        0x3 
 .rodata        0x00000000000686ec        0x4 /usr/lib/gcc/arm-none-eabi/6.3.1/../../../arm-none-eabi/lib/thumb/v7e-m/fpv4-sp/hard/libc_nano.a(lib_a-impure.o)
                0x00000000000686ec                _global_impure_ptr
 .rodata.str1.4
                0x00000000000686f0        0x4 /usr/lib/gcc/arm-none-eabi/6.3.1/../../../arm-none-eabi/lib/thumb/v7e-m/fpv4-sp/hard/libc_nano.a(lib_a-impure.o)
                                          0x2 (size before relaxing)
 *(.eh_frame*)
 .eh_frame      0x00000000000686f4        0x0 /usr/lib/gcc/arm-none-eabi/6.3.1/thumb/v7e-m/fpv4-sp/hard/crtbegin.o
 .eh_frame      0x00000000000686f4        0x4 /usr/lib/gcc/arm-none-eabi/6.3.1/thumb/v7e-m/fpv4-sp/hard/crtend.o

.glue_7         0x00000000000686f8        0x0
 .glue_7        0x00000000000686f8        0x0 linker stubs

.glue_7t        0x00000000000686f8        0x0
 .glue_7t       0x00000000000686f8        0x0 linker stubs

.vfp11_veneer   0x00000000000686f8        0x0
 .vfp11_veneer  0x00000000000686f8        0x0 linker stubs

.v4_bx          0x00000000000686f8        0x0
 .v4_bx         0x00000000000686f8        0x0 linker stubs

.iplt           0x00000000000686f8        0x0
 .iplt          0x00000000000686f8        0x0 /usr/lib/gcc/arm-none-eabi/6.3.1/thumb/v7e-m/fpv4-sp/hard/crtbegin.o

.mem_section_dummy_rom

.sdh_soc_observers
                0x00000000000686f8        0x8
                0x00000000000686f8                PROVIDE (__start_sdh_soc_observers, .)
 *(SORT(.sdh_soc_observers*))
 .sdh_soc_observers0
                0x00000000000686f8        0x8 _build/nrf52832_xxaa/nrf_drv_clock.c.o
                0x0000000000068700                PROVIDE (__stop_sdh_soc_observers, .)

.sdh_ble_observers
                0x0000000000068700       0x40
                0x0000000000068700                PROVIDE (__start_sdh_ble_observers, .)
 *(SORT(.sdh_ble_observers*))
 .sdh_ble_observers0
                0x0000000000068700        0x8 _build/nrf52832_xxaa/ble_conn_state.c.o
 .sdh_ble_observers1
                0x0000000000068708        0x8 _build/nrf52832_xxaa/bsp_btn_ble.c.o
 .sdh_ble_observers1
                0x0000000000068710       0x20 _build/nrf52832_xxaa/main.c.o
 .sdh_ble_observers2
                0x0000000000068730        0x8 _build/nrf52832_xxaa/main.c.o
 .sdh_ble_observers3
                0x0000000000068738        0x8 _build/nrf52832_xxaa/main.c.o
                0x0000000000068740                PROVIDE (__stop_sdh_ble_observers, .)

.pwr_mgmt_data  0x0000000000068740        0x0
                0x0000000000068740                PROVIDE (__start_pwr_mgmt_data, .)
 *(SORT(.pwr_mgmt_data*))
                0x0000000000068740                PROVIDE (__stop_pwr_mgmt_data, .)

.log_const_data
                0x0000000000068740       0x98
                0x0000000000068740                PROVIDE (__start_log_const_data, .)
 *(SORT(.log_const_data*))
 .log_const_data_CLOCK
                0x0000000000068740        0x8 _build/nrf52832_xxaa/nrfx_clock.c.o
                0x0000000000068740                m_nrf_log_CLOCK_logs_data_const
 .log_const_data_GPIOTE
                0x0000000000068748        0x8 _build/nrf52832_xxaa/nrfx_gpiote.c.o
                0x0000000000068748                m_nrf_log_GPIOTE_logs_data_const
 .log_const_data_PRS
                0x0000000000068750        0x8 _build/nrf52832_xxaa/nrfx_prs.c.o
                0x0000000000068750                m_nrf_log_PRS_logs_data_const
 .log_const_data_UART
                0x0000000000068758        0x8 _build/nrf52832_xxaa/nrfx_uart.c.o
                0x0000000000068758                m_nrf_log_UART_logs_data_const
 .log_const_data_UARTE
                0x0000000000068760        0x8 _build/nrf52832_xxaa/nrfx_uarte.c.o
                0x0000000000068760                m_nrf_log_UARTE_logs_data_const
 .log_const_data_app
                0x0000000000068768        0x8 _build/nrf52832_xxaa/nrf_log_frontend.c.o
                0x0000000000068768                m_nrf_log_app_logs_data_const
 .log_const_data_app_button
                0x0000000000068770        0x8 _build/nrf52832_xxaa/app_button.c.o
                0x0000000000068770                m_nrf_log_app_button_logs_data_const
 .log_const_data_app_timer
                0x0000000000068778        0x8 _build/nrf52832_xxaa/app_timer2.c.o
                0x0000000000068778                m_nrf_log_app_timer_logs_data_const
 .log_const_data_ble_db_disc
                0x0000000000068780        0x8 _build/nrf52832_xxaa/ble_db_discovery.c.o
                0x0000000000068780                m_nrf_log_ble_db_disc_logs_data_const
 .log_const_data_ble_lbs_c
                0x0000000000068788        0x8 _build/nrf52832_xxaa/ble_lbs_c.c.o
                0x0000000000068788                m_nrf_log_ble_lbs_c_logs_data_const
 .log_const_data_ble_scan
                0x0000000000068790        0x8 _build/nrf52832_xxaa/nrf_ble_scan.c.o
                0x0000000000068790                m_nrf_log_ble_scan_logs_data_const
 .log_const_data_clock
                0x0000000000068798        0x8 _build/nrf52832_xxaa/nrf_drv_clock.c.o
                0x0000000000068798                m_nrf_log_clock_logs_data_const
 .log_const_data_nrf_ble_gatt
                0x00000000000687a0        0x8 _build/nrf52832_xxaa/nrf_ble_gatt.c.o
                0x00000000000687a0                m_nrf_log_nrf_ble_gatt_logs_data_const
 .log_const_data_nrf_ble_gq
                0x00000000000687a8        0x8 _build/nrf52832_xxaa/nrf_ble_gq.c.o
                0x00000000000687a8                m_nrf_log_nrf_ble_gq_logs_data_const
 .log_const_data_nrf_sdh
                0x00000000000687b0        0x8 _build/nrf52832_xxaa/nrf_sdh.c.o
                0x00000000000687b0                m_nrf_log_nrf_sdh_logs_data_const
 .log_const_data_nrf_sdh_ble
                0x00000000000687b8        0x8 _build/nrf52832_xxaa/nrf_sdh_ble.c.o
                0x00000000000687b8                m_nrf_log_nrf_sdh_ble_logs_data_const
 .log_const_data_nrf_sdh_soc
                0x00000000000687c0        0x8 _build/nrf52832_xxaa/nrf_sdh_soc.c.o
                0x00000000000687c0                m_nrf_log_nrf_sdh_soc_logs_data_const
 .log_const_data_pwr_mgmt
                0x00000000000687c8        0x8 _build/nrf52832_xxaa/nrf_pwr_mgmt.c.o
                0x00000000000687c8                m_nrf_log_pwr_mgmt_logs_data_const
 .log_const_data_sortlist
                0x00000000000687d0        0x8 _build/nrf52832_xxaa/nrf_sortlist.c.o
                0x00000000000687d0                m_nrf_log_sortlist_logs_data_const
                0x00000000000687d8                PROVIDE (__stop_log_const_data, .)

.nrf_balloc     0x00000000000687d8       0x28
                [!provide]                        PROVIDE (__start_nrf_balloc, .)
 *(.nrf_balloc)
 .nrf_balloc    0x00000000000687d8       0x14 _build/nrf52832_xxaa/nrf_log_frontend.c.o
                0x00000000000687d8                log_mempool
 .nrf_balloc    0x00000000000687ec       0x14 _build/nrf52832_xxaa/main.c.o
                0x00000000000687ec                m_ble_gatt_queuepool
                [!provide]                        PROVIDE (__stop_nrf_balloc, .)

.nrf_queue      0x0000000000068800       0x14
                [!provide]                        PROVIDE (__start_nrf_queue, .)
 *(.nrf_queue)
 .nrf_queue     0x0000000000068800       0x14 _build/nrf52832_xxaa/main.c.o
                0x0000000000068800                m_ble_gatt_queuepurge_queue
                [!provide]                        PROVIDE (__stop_nrf_queue, .)

.sdh_state_observers
                0x0000000000068814        0x8
                0x0000000000068814                PROVIDE (__start_sdh_state_observers, .)
 *(SORT(.sdh_state_observers*))
 .sdh_state_observers0
                0x0000000000068814        0x8 _build/nrf52832_xxaa/nrf_drv_clock.c.o
                0x000000000006881c                PROVIDE (__stop_sdh_state_observers, .)

.sdh_stack_observers
                0x000000000006881c       0x10
                0x000000000006881c                PROVIDE (__start_sdh_stack_observers, .)
 *(SORT(.sdh_stack_observers*))
 .sdh_stack_observers0
                0x000000000006881c        0x8 _build/nrf52832_xxaa/nrf_sdh_ble.c.o
 .sdh_stack_observers0
                0x0000000000068824        0x8 _build/nrf52832_xxaa/nrf_sdh_soc.c.o
                0x000000000006882c                PROVIDE (__stop_sdh_stack_observers, .)

.sdh_req_observers
                0x000000000006882c        0x0
                0x000000000006882c                PROVIDE (__start_sdh_req_observers, .)
 *(SORT(.sdh_req_observers*))
                0x000000000006882c                PROVIDE (__stop_sdh_req_observers, .)

.cli_command    0x000000000006882c        0x0
                [!provide]                        PROVIDE (__start_cli_command, .)
 *(.cli_command)
                [!provide]                        PROVIDE (__stop_cli_command, .)

.crypto_data    0x000000000006882c        0x0
                [!provide]                        PROVIDE (__start_crypto_data, .)
 *(SORT(.crypto_data*))
                [!provide]                        PROVIDE (__stop_crypto_data, .)

.log_backends   0x000000000006882c       0x10
                [!provide]                        PROVIDE (__start_log_backends, .)
 *(SORT(.log_backends*))
 .log_backends  0x000000000006882c       0x10 _build/nrf52832_xxaa/nrf_log_default_backends.c.o
                [!provide]                        PROVIDE (__stop_log_backends, .)

.arduino_handlers
                0x000000000006883c       0x20
                [!provide]                        PROVIDE (__start_arduino_handlers, .)
 *(SORT(.arduino_handlers*))
 .arduino_handlers
                0x000000000006883c       0x20 _build/nrf52832_xxaa/extra.c.o
                0x000000000006883c                arduinoCommand
                [!provide]                        PROVIDE (__stop_arduino_handlers, .)

.ARM.extab
 *(.ARM.extab* .gnu.linkonce.armextab.*)
                0x000000000006885c                __exidx_start = .

.ARM.exidx      0x000000000006885c        0x8
 *(.ARM.exidx* .gnu.linkonce.armexidx.*)
 .ARM.exidx     0x000000000006885c        0x8 /usr/lib/gcc/arm-none-eabi/6.3.1/../../../arm-none-eabi/lib/thumb/v7e-m/fpv4-sp/hard/crt0.o
                0x0000000000068864                __exidx_end = .
                0x0000000000068864                __etext = .

.rel.dyn        0x0000000000068864        0x0
 .rel.iplt      0x0000000000068864        0x0 /usr/lib/gcc/arm-none-eabi/6.3.1/thumb/v7e-m/fpv4-sp/hard/crtbegin.o

.data           0x0000000020001db8      0x68c load address 0x0000000000068864
                0x0000000020001db8                __data_start__ = .
 *(vtable)
 *(.data*)
 .data.m_uart   0x0000000020001db8       0x14 _build/nrf52832_xxaa/nrf_log_backend_uart.c.o
                0x0000000020001db8                m_uart
 .data.log_backend_cb_uart_log_backend
                0x0000000020001dcc        0x8 _build/nrf52832_xxaa/nrf_log_default_backends.c.o
 .data.m_rtc_inst
                0x0000000020001dd4        0x8 _build/nrf52832_xxaa/app_timer2.c.o
 .data.SystemCoreClock
                0x0000000020001ddc        0x4 _build/nrf52832_xxaa/system_nrf52.c.o
                0x0000000020001ddc                SystemCoreClock
 .data.buttons.11632
                0x0000000020001de0        0x8 _build/nrf52832_xxaa/main.c.o
 .data.m_ble_gatt_queue
                0x0000000020001de8       0x14 _build/nrf52832_xxaa/main.c.o
 .data.m_ble_gatt_queueconn_handles_arr
                0x0000000020001dfc        0x2 _build/nrf52832_xxaa/main.c.o
 *fill*         0x0000000020001dfe        0x2 
 .data.m_db_disc
                0x0000000020001e00      0x5d0 _build/nrf52832_xxaa/main.c.o
 .data          0x00000000200023d0        0x4 /usr/lib/gcc/arm-none-eabi/6.3.1/../../../arm-none-eabi/lib/thumb/v7e-m/fpv4-sp/hard/libc_nano.a(lib_a-ctype_.o)
                0x00000000200023d0                __ctype_ptr__
 .data          0x00000000200023d4       0x64 /usr/lib/gcc/arm-none-eabi/6.3.1/../../../arm-none-eabi/lib/thumb/v7e-m/fpv4-sp/hard/libc_nano.a(lib_a-impure.o)
                0x00000000200023d4                _impure_ptr
                0x0000000020002438                . = ALIGN (0x4)
                0x0000000020002438                PROVIDE (__preinit_array_start, .)
 *(.preinit_array)
                0x0000000020002438                PROVIDE (__preinit_array_end, .)
                0x0000000020002438                . = ALIGN (0x4)
                0x0000000020002438                PROVIDE (__init_array_start, .)
 *(SORT(.init_array.*))
 *(.init_array)
 .init_array    0x0000000020002438        0x4 /usr/lib/gcc/arm-none-eabi/6.3.1/thumb/v7e-m/fpv4-sp/hard/crtbegin.o
                0x000000002000243c                PROVIDE (__init_array_end, .)
                0x000000002000243c                . = ALIGN (0x4)
                0x000000002000243c                PROVIDE (__fini_array_start, .)
 *(SORT(.fini_array.*))
 *(.fini_array)
 .fini_array    0x000000002000243c        0x4 /usr/lib/gcc/arm-none-eabi/6.3.1/thumb/v7e-m/fpv4-sp/hard/crtbegin.o
                0x0000000020002440                PROVIDE (__fini_array_end, .)
 *(.jcr*)
 .jcr           0x0000000020002440        0x0 /usr/lib/gcc/arm-none-eabi/6.3.1/thumb/v7e-m/fpv4-sp/hard/crtbegin.o
 .jcr           0x0000000020002440        0x4 /usr/lib/gcc/arm-none-eabi/6.3.1/thumb/v7e-m/fpv4-sp/hard/crtend.o
                0x0000000020002444                . = ALIGN (0x4)
                0x0000000020002444                __data_end__ = .
LOAD /usr/lib/gcc/arm-none-eabi/6.3.1/thumb/v7e-m/fpv4-sp/hard/crti.o
LOAD /usr/lib/gcc/arm-none-eabi/6.3.1/thumb/v7e-m/fpv4-sp/hard/crtbegin.o
LOAD /usr/lib/gcc/arm-none-eabi/6.3.1/../../../arm-none-eabi/lib/thumb/v7e-m/fpv4-sp/hard/crt0.o
LOAD _build/nrf52832_xxaa/gcc_startup_nrf52.S.o
LOAD _build/nrf52832_xxaa/nrf_log_backend_rtt.c.o
LOAD _build/nrf52832_xxaa/nrf_log_backend_serial.c.o
LOAD _build/nrf52832_xxaa/nrf_log_backend_uart.c.o
LOAD _build/nrf52832_xxaa/nrf_log_default_backends.c.o
LOAD _build/nrf52832_xxaa/nrf_log_frontend.c.o
LOAD _build/nrf52832_xxaa/nrf_log_str_formatter.c.o
LOAD _build/nrf52832_xxaa/app_button.c.o
LOAD _build/nrf52832_xxaa/app_error.c.o
LOAD _build/nrf52832_xxaa/app_error_handler_gcc.c.o
LOAD _build/nrf52832_xxaa/app_error_weak.c.o
LOAD _build/nrf52832_xxaa/app_scheduler.c.o
LOAD _build/nrf52832_xxaa/app_timer2.c.o
LOAD _build/nrf52832_xxaa/app_util_platform.c.o
LOAD _build/nrf52832_xxaa/drv_rtc.c.o
LOAD _build/nrf52832_xxaa/hardfault_implementation.c.o
LOAD _build/nrf52832_xxaa/nrf_assert.c.o
LOAD _build/nrf52832_xxaa/nrf_atfifo.c.o
LOAD _build/nrf52832_xxaa/nrf_atflags.c.o
LOAD _build/nrf52832_xxaa/nrf_atomic.c.o
LOAD _build/nrf52832_xxaa/nrf_balloc.c.o
LOAD _build/nrf52832_xxaa/nrf_fprintf.c.o
LOAD _build/nrf52832_xxaa/nrf_fprintf_format.c.o
LOAD _build/nrf52832_xxaa/nrf_memobj.c.o
LOAD _build/nrf52832_xxaa/nrf_pwr_mgmt.c.o
LOAD _build/nrf52832_xxaa/nrf_queue.c.o
LOAD _build/nrf52832_xxaa/nrf_ringbuf.c.o
LOAD _build/nrf52832_xxaa/nrf_section_iter.c.o
LOAD _build/nrf52832_xxaa/nrf_sortlist.c.o
LOAD _build/nrf52832_xxaa/nrf_strerror.c.o
LOAD _build/nrf52832_xxaa/system_nrf52.c.o
LOAD _build/nrf52832_xxaa/boards.c.o
LOAD _build/nrf52832_xxaa/nrf_drv_clock.c.o
LOAD _build/nrf52832_xxaa/nrf_drv_uart.c.o
LOAD _build/nrf52832_xxaa/nrfx_atomic.c.o
LOAD _build/nrf52832_xxaa/nrfx_clock.c.o
LOAD _build/nrf52832_xxaa/nrfx_gpiote.c.o
LOAD _build/nrf52832_xxaa/nrfx_prs.c.o
LOAD _build/nrf52832_xxaa/nrfx_uart.c.o
LOAD _build/nrf52832_xxaa/nrfx_uarte.c.o
LOAD _build/nrf52832_xxaa/bsp.c.o
LOAD _build/nrf52832_xxaa/bsp_btn_ble.c.o
LOAD _build/nrf52832_xxaa/main.c.o
LOAD _build/nrf52832_xxaa/SEGGER_RTT.c.o
LOAD _build/nrf52832_xxaa/SEGGER_RTT_Syscalls_GCC.c.o
LOAD _build/nrf52832_xxaa/SEGGER_RTT_printf.c.o
LOAD _build/nrf52832_xxaa/ble_advdata.c.o
LOAD _build/nrf52832_xxaa/ble_advertising.c.o
LOAD _build/nrf52832_xxaa/ble_conn_state.c.o
LOAD _build/nrf52832_xxaa/ble_db_discovery.c.o
LOAD _build/nrf52832_xxaa/ble_srv_common.c.o
LOAD _build/nrf52832_xxaa/nrf_ble_gatt.c.o
LOAD _build/nrf52832_xxaa/nrf_ble_gq.c.o
LOAD _build/nrf52832_xxaa/nrf_ble_scan.c.o
LOAD _build/nrf52832_xxaa/utf.c.o
LOAD _build/nrf52832_xxaa/ble_lbs_c.c.o
LOAD _build/nrf52832_xxaa/nrf_sdh.c.o
LOAD _build/nrf52832_xxaa/nrf_sdh_ble.c.o
LOAD _build/nrf52832_xxaa/nrf_sdh_soc.c.o
LOAD _build/nrf52832_xxaa/extra.c.o
LOAD /usr/lib/gcc/arm-none-eabi/6.3.1/../../../arm-none-eabi/lib/thumb/v7e-m/fpv4-sp/hard/libc_nano.a
LOAD /usr/lib/gcc/arm-none-eabi/6.3.1/../../../arm-none-eabi/lib/thumb/v7e-m/fpv4-sp/hard/libnosys.a
LOAD /usr/lib/gcc/arm-none-eabi/6.3.1/../../../arm-none-eabi/lib/thumb/v7e-m/fpv4-sp/hard/libm.a
START GROUP
LOAD /usr/lib/gcc/arm-none-eabi/6.3.1/thumb/v7e-m/fpv4-sp/hard/libgcc.a
LOAD /usr/lib/gcc/arm-none-eabi/6.3.1/../../../arm-none-eabi/lib/thumb/v7e-m/fpv4-sp/hard/libg_nano.a
LOAD /usr/lib/gcc/arm-none-eabi/6.3.1/../../../arm-none-eabi/lib/thumb/v7e-m/fpv4-sp/hard/libc_nano.a
END GROUP
START GROUP
LOAD /usr/lib/gcc/arm-none-eabi/6.3.1/thumb/v7e-m/fpv4-sp/hard/libgcc.a
LOAD /usr/lib/gcc/arm-none-eabi/6.3.1/../../../arm-none-eabi/lib/thumb/v7e-m/fpv4-sp/hard/libc_nano.a
END GROUP
LOAD /usr/lib/gcc/arm-none-eabi/6.3.1/thumb/v7e-m/fpv4-sp/hard/crtend.o
LOAD /usr/lib/gcc/arm-none-eabi/6.3.1/thumb/v7e-m/fpv4-sp/hard/crtn.o
START GROUP
LOAD /usr/lib/gcc/arm-none-eabi/6.3.1/thumb/v7e-m/fpv4-sp/hard/libgcc.a
LOAD /usr/lib/gcc/arm-none-eabi/6.3.1/../../../arm-none-eabi/lib/thumb/v7e-m/fpv4-sp/hard/libc.a
LOAD /usr/lib/gcc/arm-none-eabi/6.3.1/../../../arm-none-eabi/lib/thumb/v7e-m/fpv4-sp/hard/libnosys.a
END GROUP

.tm_clone_table
                0x0000000020002444        0x0 load address 0x0000000000068ef0
 .tm_clone_table
                0x0000000020002444        0x0 /usr/lib/gcc/arm-none-eabi/6.3.1/thumb/v7e-m/fpv4-sp/hard/crtbegin.o
 .tm_clone_table
                0x0000000020002444        0x0 /usr/lib/gcc/arm-none-eabi/6.3.1/thumb/v7e-m/fpv4-sp/hard/crtend.o

.igot.plt       0x0000000020002444        0x0 load address 0x0000000000068ef0
 .igot.plt      0x0000000020002444        0x0 /usr/lib/gcc/arm-none-eabi/6.3.1/thumb/v7e-m/fpv4-sp/hard/crtbegin.o
                0x0000000020002444                . = ALIGN (0x4)

.mem_section_dummy_ram

.log_dynamic_data
                0x0000000020002444        0x0
                0x0000000020002444                PROVIDE (__start_log_dynamic_data, .)
 *(SORT(.log_dynamic_data*))
                [!provide]                        PROVIDE (__stop_log_dynamic_data, .)

.log_filter_data
                0x0000000020002444        0x0
                [!provide]                        PROVIDE (__start_log_filter_data, .)
 *(SORT(.log_filter_data*))
                [!provide]                        PROVIDE (__stop_log_filter_data, .)

.cli_sorted_cmd_ptrs
                0x0000000020002444        0x0
                [!provide]                        PROVIDE (__start_cli_sorted_cmd_ptrs, .)
 *(.cli_sorted_cmd_ptrs)
                [!provide]                        PROVIDE (__stop_cli_sorted_cmd_ptrs, .)

.fs_data        0x0000000020002444        0x0
                [!provide]                        PROVIDE (__start_fs_data, .)
 *(.fs_data)
                [!provide]                        PROVIDE (__stop_fs_data, .)

.bss            0x0000000020002448      0xb2c load address 0x0000000000068ef8
                0x0000000020002448                . = ALIGN (0x4)
                0x0000000020002448                __bss_start__ = .
 *(.bss*)
 .bss           0x0000000020002448       0x1c /usr/lib/gcc/arm-none-eabi/6.3.1/thumb/v7e-m/fpv4-sp/hard/crtbegin.o
 .bss.m_async_mode
                0x0000000020002464        0x1 _build/nrf52832_xxaa/nrf_log_backend_uart.c.o
 *fill*         0x0000000020002465        0x3 
 .bss.m_string_buff
                0x0000000020002468       0x40 _build/nrf52832_xxaa/nrf_log_backend_uart.c.o
 .bss.m_xfer_done
                0x00000000200024a8        0x1 _build/nrf52832_xxaa/nrf_log_backend_uart.c.o
 *fill*         0x00000000200024a9        0x3 
 .bss.log_mempool_nrf_balloc_cb
                0x00000000200024ac        0x8 _build/nrf52832_xxaa/nrf_log_frontend.c.o
 .bss.log_mempool_nrf_balloc_pool_mem
                0x00000000200024b4       0xc0 _build/nrf52832_xxaa/nrf_log_frontend.c.o
 .bss.log_mempool_nrf_balloc_pool_stack
                0x0000000020002574        0x8 _build/nrf52832_xxaa/nrf_log_frontend.c.o
 .bss.m_log_data
                0x000000002000257c      0x424 _build/nrf52832_xxaa/nrf_log_frontend.c.o
 .bss.m_log_push_ringbuf_buf
                0x00000000200029a0       0x80 _build/nrf52832_xxaa/nrf_log_frontend.c.o
 .bss.m_log_push_ringbuf_cb
                0x0000000020002a20       0x18 _build/nrf52832_xxaa/nrf_log_frontend.c.o
 .bss.m_button_count
                0x0000000020002a38        0x1 _build/nrf52832_xxaa/app_button.c.o
 *fill*         0x0000000020002a39        0x3 
 .bss.m_detection_delay
                0x0000000020002a3c        0x4 _build/nrf52832_xxaa/app_button.c.o
 .bss.m_detection_delay_timer_id_data
                0x0000000020002a40       0x20 _build/nrf52832_xxaa/app_button.c.o
 .bss.m_pin_active
                0x0000000020002a60        0x8 _build/nrf52832_xxaa/app_button.c.o
 .bss.m_pin_states
                0x0000000020002a68       0x10 _build/nrf52832_xxaa/app_button.c.o
 .bss.mp_buttons
                0x0000000020002a78        0x4 _build/nrf52832_xxaa/app_button.c.o
 .bss.m_app_timer_sortlist_sortlist_cb
                0x0000000020002a7c        0x4 _build/nrf52832_xxaa/app_timer2.c.o
 .bss.m_base_counter
                0x0000000020002a80        0x8 _build/nrf52832_xxaa/app_timer2.c.o
 .bss.m_global_active
                0x0000000020002a88        0x1 _build/nrf52832_xxaa/app_timer2.c.o
 *fill*         0x0000000020002a89        0x3 
 .bss.m_req_fifo_data
                0x0000000020002a8c       0x58 _build/nrf52832_xxaa/app_timer2.c.o
 .bss.m_req_fifo_inst
                0x0000000020002ae4       0x10 _build/nrf52832_xxaa/app_timer2.c.o
 *fill*         0x0000000020002af4        0x4 
 .bss.m_stamp64
                0x0000000020002af8        0x8 _build/nrf52832_xxaa/app_timer2.c.o
 .bss.mp_active_timer
                0x0000000020002b00        0x4 _build/nrf52832_xxaa/app_timer2.c.o
 .bss.m_cb      0x0000000020002b04        0x8 _build/nrf52832_xxaa/drv_rtc.c.o
 .bss.m_handlers
                0x0000000020002b0c        0x4 _build/nrf52832_xxaa/drv_rtc.c.o
 .bss.m_handlers_iter
                0x0000000020002b10        0x8 _build/nrf52832_xxaa/nrf_pwr_mgmt.c.o
 .bss.m_shutdown_started
                0x0000000020002b18        0x1 _build/nrf52832_xxaa/nrf_pwr_mgmt.c.o
 *fill*         0x0000000020002b19        0x3 
 .bss.m_sysoff_mtx
                0x0000000020002b1c        0x4 _build/nrf52832_xxaa/nrf_pwr_mgmt.c.o
 .bss.m_clock_cb
                0x0000000020002b20       0x14 _build/nrf52832_xxaa/nrf_drv_clock.c.o
 .bss.m_contexts
                0x0000000020002b34        0x4 _build/nrf52832_xxaa/nrf_drv_uart.c.o
 .bss.m_handlers
                0x0000000020002b38        0x4 _build/nrf52832_xxaa/nrf_drv_uart.c.o
 .bss.m_clock_cb
                0x0000000020002b3c        0x8 _build/nrf52832_xxaa/nrfx_clock.c.o
 .bss.m_cb      0x0000000020002b44       0x5c _build/nrf52832_xxaa/nrfx_gpiote.c.o
 .bss.m_prs_box_4
                0x0000000020002ba0        0x8 _build/nrf52832_xxaa/nrfx_prs.c.o
 .bss.m_cb      0x0000000020002ba8       0x2c _build/nrf52832_xxaa/nrfx_uart.c.o
 .bss.m_cb      0x0000000020002bd4       0x24 _build/nrf52832_xxaa/nrfx_uarte.c.o
 .bss.m_events_list
                0x0000000020002bf8        0xc _build/nrf52832_xxaa/bsp.c.o
 .bss.m_error_handler
                0x0000000020002c04        0x4 _build/nrf52832_xxaa/bsp_btn_ble.c.o
 .bss.m_num_connections
                0x0000000020002c08        0x4 _build/nrf52832_xxaa/bsp_btn_ble.c.o
 .bss.m_ble_gatt_queuepool_nrf_balloc_cb
                0x0000000020002c0c        0x8 _build/nrf52832_xxaa/main.c.o
 .bss.m_ble_gatt_queuepool_nrf_balloc_pool_mem
                0x0000000020002c14       0xc0 _build/nrf52832_xxaa/main.c.o
 .bss.m_ble_gatt_queuepool_nrf_balloc_pool_stack
                0x0000000020002cd4        0x8 _build/nrf52832_xxaa/main.c.o
 .bss.m_ble_gatt_queuepurge_queue_nrf_queue_buffer
                0x0000000020002cdc        0x4 _build/nrf52832_xxaa/main.c.o
 .bss.m_ble_gatt_queuepurge_queue_nrf_queue_cb
                0x0000000020002ce0        0xc _build/nrf52832_xxaa/main.c.o
 .bss.m_ble_gatt_queuereq_queue0_nrf_queue_buffer
                0x0000000020002cec       0xa0 _build/nrf52832_xxaa/main.c.o
 .bss.m_ble_gatt_queuereq_queue0_nrf_queue_cb
                0x0000000020002d8c        0xc _build/nrf52832_xxaa/main.c.o
 .bss.m_ble_lbs_c
                0x0000000020002d98       0x18 _build/nrf52832_xxaa/main.c.o
 .bss.m_gatt    0x0000000020002db0       0x14 _build/nrf52832_xxaa/main.c.o
 .bss.m_scan    0x0000000020002dc4       0x68 _build/nrf52832_xxaa/main.c.o
 .bss.m_bcs     0x0000000020002e2c       0x7c _build/nrf52832_xxaa/ble_conn_state.c.o
 .bss.m_evt_handler
                0x0000000020002ea8        0x4 _build/nrf52832_xxaa/ble_db_discovery.c.o
 .bss.m_initialized
                0x0000000020002eac        0x1 _build/nrf52832_xxaa/ble_db_discovery.c.o
 *fill*         0x0000000020002ead        0x3 
 .bss.m_num_of_handlers_reg
                0x0000000020002eb0        0x4 _build/nrf52832_xxaa/ble_db_discovery.c.o
 .bss.m_registered_handlers
                0x0000000020002eb4       0x18 _build/nrf52832_xxaa/ble_db_discovery.c.o
 .bss.mp_gatt_queue
                0x0000000020002ecc        0x4 _build/nrf52832_xxaa/ble_db_discovery.c.o
 .bss.m_nrf_sdh_continue
                0x0000000020002ed0        0x1 _build/nrf52832_xxaa/nrf_sdh.c.o
 .bss.m_nrf_sdh_enabled
                0x0000000020002ed1        0x1 _build/nrf52832_xxaa/nrf_sdh.c.o
 .bss.m_nrf_sdh_suspended
                0x0000000020002ed2        0x1 _build/nrf52832_xxaa/nrf_sdh.c.o
 .bss.m_stack_is_enabled
                0x0000000020002ed3        0x1 _build/nrf52832_xxaa/nrf_sdh_ble.c.o
 .bss           0x0000000020002ed4       0x8c /usr/lib/gcc/arm-none-eabi/6.3.1/../../../arm-none-eabi/lib/thumb/v7e-m/fpv4-sp/hard/libc_nano.a(lib_a-__atexit.o)
 .bss           0x0000000020002f60        0x4 /usr/lib/gcc/arm-none-eabi/6.3.1/../../../arm-none-eabi/lib/thumb/v7e-m/fpv4-sp/hard/libc_nano.a(lib_a-__call_atexit.o)
                0x0000000020002f60                _global_atexit
 *(COMMON)
 COMMON         0x0000000020002f64        0xc _build/nrf52832_xxaa/app_util_platform.c.o
                0x0000000020002f64                nrf_nvic_state
 COMMON         0x0000000020002f70        0x1 _build/nrf52832_xxaa/nrf_drv_uart.c.o
                0x0000000020002f70                nrf_drv_uart_use_easy_dma
                0x0000000020002f74                . = ALIGN (0x4)
 *fill*         0x0000000020002f71        0x3 
                0x0000000020002f74                __bss_end__ = .

.heap           0x0000000020002f78        0x0
                0x0000000020002f78                __HeapBase = .
                0x0000000020002f78                __end__ = .
                [!provide]                        PROVIDE (end, .)
 *(.heap*)
 .heap          0x0000000020002f78        0x0 _build/nrf52832_xxaa/gcc_startup_nrf52.S.o
                0x0000000020002f78                __HeapLimit = .

.stack_dummy    0x0000000020002f78     0x2000
 *(.stack*)
 .stack         0x0000000020002f78     0x2000 _build/nrf52832_xxaa/gcc_startup_nrf52.S.o
                0x0000000020010000                __StackTop = (ORIGIN (RAM) + LENGTH (RAM))
                0x000000002000e000                __StackLimit = (__StackTop - SIZEOF (.stack_dummy))
                0x0000000020010000                PROVIDE (__stack, __StackTop)
                0x0000000000000001                ASSERT ((__StackLimit >= __HeapLimit), region RAM overflowed with stack)
                0x0000000000000690                DataInitFlashUsed = (__bss_start__ - __data_start__)
                0x0000000000008864                CodeFlashUsed = (__etext - ORIGIN (FLASH))
                0x0000000000008ef4                TotalFlashUsed = (CodeFlashUsed + DataInitFlashUsed)
                0x0000000000000001                ASSERT ((TotalFlashUsed <= LENGTH (FLASH)), region FLASH overflowed with .data and user data)
OUTPUT(_build/nrf52832_xxaa.out elf32-littlearm)

.ARM.attributes
                0x0000000000000000       0x30
 .ARM.attributes
                0x0000000000000000       0x22 /usr/lib/gcc/arm-none-eabi/6.3.1/thumb/v7e-m/fpv4-sp/hard/crti.o
 .ARM.attributes
                0x0000000000000022       0x34 /usr/lib/gcc/arm-none-eabi/6.3.1/thumb/v7e-m/fpv4-sp/hard/crtbegin.o
 .ARM.attributes
                0x0000000000000056       0x20 /usr/lib/gcc/arm-none-eabi/6.3.1/../../../arm-none-eabi/lib/thumb/v7e-m/fpv4-sp/hard/crt0.o
 .ARM.attributes
                0x0000000000000076       0x20 _build/nrf52832_xxaa/gcc_startup_nrf52.S.o
 .ARM.attributes
                0x0000000000000096       0x39 _build/nrf52832_xxaa/nrf_log_backend_serial.c.o
 .ARM.attributes
                0x00000000000000cf       0x39 _build/nrf52832_xxaa/nrf_log_backend_uart.c.o
 .ARM.attributes
                0x0000000000000108       0x39 _build/nrf52832_xxaa/nrf_log_default_backends.c.o
 .ARM.attributes
                0x0000000000000141       0x39 _build/nrf52832_xxaa/nrf_log_frontend.c.o
 .ARM.attributes
                0x000000000000017a       0x39 _build/nrf52832_xxaa/nrf_log_str_formatter.c.o
 .ARM.attributes
                0x00000000000001b3       0x39 _build/nrf52832_xxaa/app_button.c.o
 .ARM.attributes
                0x00000000000001ec       0x39 _build/nrf52832_xxaa/app_error.c.o
 .ARM.attributes
                0x0000000000000225       0x39 _build/nrf52832_xxaa/app_error_weak.c.o
 .ARM.attributes
                0x000000000000025e       0x39 _build/nrf52832_xxaa/app_timer2.c.o
 .ARM.attributes
                0x0000000000000297       0x39 _build/nrf52832_xxaa/app_util_platform.c.o
 .ARM.attributes
                0x00000000000002d0       0x39 _build/nrf52832_xxaa/drv_rtc.c.o
 .ARM.attributes
                0x0000000000000309       0x39 _build/nrf52832_xxaa/nrf_atfifo.c.o
 .ARM.attributes
                0x0000000000000342       0x39 _build/nrf52832_xxaa/nrf_atflags.c.o
 .ARM.attributes
                0x000000000000037b       0x39 _build/nrf52832_xxaa/nrf_atomic.c.o
 .ARM.attributes
                0x00000000000003b4       0x39 _build/nrf52832_xxaa/nrf_balloc.c.o
 .ARM.attributes
                0x00000000000003ed       0x39 _build/nrf52832_xxaa/nrf_fprintf.c.o
 .ARM.attributes
                0x0000000000000426       0x39 _build/nrf52832_xxaa/nrf_fprintf_format.c.o
 .ARM.attributes
                0x000000000000045f       0x39 _build/nrf52832_xxaa/nrf_memobj.c.o
 .ARM.attributes
                0x0000000000000498       0x39 _build/nrf52832_xxaa/nrf_pwr_mgmt.c.o
 .ARM.attributes
                0x00000000000004d1       0x39 _build/nrf52832_xxaa/nrf_queue.c.o
 .ARM.attributes
                0x000000000000050a       0x39 _build/nrf52832_xxaa/nrf_ringbuf.c.o
 .ARM.attributes
                0x0000000000000543       0x39 _build/nrf52832_xxaa/nrf_section_iter.c.o
 .ARM.attributes
                0x000000000000057c       0x39 _build/nrf52832_xxaa/nrf_sortlist.c.o
 .ARM.attributes
                0x00000000000005b5       0x39 _build/nrf52832_xxaa/nrf_strerror.c.o
 .ARM.attributes
                0x00000000000005ee       0x39 _build/nrf52832_xxaa/system_nrf52.c.o
 .ARM.attributes
                0x0000000000000627       0x39 _build/nrf52832_xxaa/boards.c.o
 .ARM.attributes
                0x0000000000000660       0x39 _build/nrf52832_xxaa/nrf_drv_clock.c.o
 .ARM.attributes
                0x0000000000000699       0x39 _build/nrf52832_xxaa/nrf_drv_uart.c.o
 .ARM.attributes
                0x00000000000006d2       0x39 _build/nrf52832_xxaa/nrfx_clock.c.o
 .ARM.attributes
                0x000000000000070b       0x39 _build/nrf52832_xxaa/nrfx_gpiote.c.o
 .ARM.attributes
                0x0000000000000744       0x39 _build/nrf52832_xxaa/nrfx_prs.c.o
 .ARM.attributes
                0x000000000000077d       0x39 _build/nrf52832_xxaa/nrfx_uart.c.o
 .ARM.attributes
                0x00000000000007b6       0x39 _build/nrf52832_xxaa/nrfx_uarte.c.o
 .ARM.attributes
                0x00000000000007ef       0x39 _build/nrf52832_xxaa/bsp.c.o
 .ARM.attributes
                0x0000000000000828       0x39 _build/nrf52832_xxaa/bsp_btn_ble.c.o
 .ARM.attributes
                0x0000000000000861       0x39 _build/nrf52832_xxaa/main.c.o
 .ARM.attributes
                0x000000000000089a       0x39 _build/nrf52832_xxaa/ble_advdata.c.o
 .ARM.attributes
                0x00000000000008d3       0x39 _build/nrf52832_xxaa/ble_conn_state.c.o
 .ARM.attributes
                0x000000000000090c       0x39 _build/nrf52832_xxaa/ble_db_discovery.c.o
 .ARM.attributes
                0x0000000000000945       0x39 _build/nrf52832_xxaa/nrf_ble_gatt.c.o
 .ARM.attributes
                0x000000000000097e       0x39 _build/nrf52832_xxaa/nrf_ble_gq.c.o
 .ARM.attributes
                0x00000000000009b7       0x39 _build/nrf52832_xxaa/nrf_ble_scan.c.o
 .ARM.attributes
                0x00000000000009f0       0x39 _build/nrf52832_xxaa/ble_lbs_c.c.o
 .ARM.attributes
                0x0000000000000a29       0x39 _build/nrf52832_xxaa/nrf_sdh.c.o
 .ARM.attributes
                0x0000000000000a62       0x39 _build/nrf52832_xxaa/nrf_sdh_ble.c.o
 .ARM.attributes
                0x0000000000000a9b       0x39 _build/nrf52832_xxaa/nrf_sdh_soc.c.o
 .ARM.attributes
                0x0000000000000ad4       0x39 _build/nrf52832_xxaa/extra.c.o
 .ARM.attributes
                0x0000000000000b0d       0x34 /usr/lib/gcc/arm-none-eabi/6.3.1/../../../arm-none-eabi/lib/thumb/v7e-m/fpv4-sp/hard/libc_nano.a(lib_a-atexit.o)
 .ARM.attributes
                0x0000000000000b41       0x34 /usr/lib/gcc/arm-none-eabi/6.3.1/../../../arm-none-eabi/lib/thumb/v7e-m/fpv4-sp/hard/libc_nano.a(lib_a-ctype_.o)
 .ARM.attributes
                0x0000000000000b75       0x34 /usr/lib/gcc/arm-none-eabi/6.3.1/../../../arm-none-eabi/lib/thumb/v7e-m/fpv4-sp/hard/libc_nano.a(lib_a-exit.o)
 .ARM.attributes
                0x0000000000000ba9       0x34 /usr/lib/gcc/arm-none-eabi/6.3.1/../../../arm-none-eabi/lib/thumb/v7e-m/fpv4-sp/hard/libc_nano.a(lib_a-fini.o)
 .ARM.attributes
                0x0000000000000bdd       0x34 /usr/lib/gcc/arm-none-eabi/6.3.1/../../../arm-none-eabi/lib/thumb/v7e-m/fpv4-sp/hard/libc_nano.a(lib_a-impure.o)
 .ARM.attributes
                0x0000000000000c11       0x34 /usr/lib/gcc/arm-none-eabi/6.3.1/../../../arm-none-eabi/lib/thumb/v7e-m/fpv4-sp/hard/libc_nano.a(lib_a-init.o)
 .ARM.attributes
                0x0000000000000c45       0x34 /usr/lib/gcc/arm-none-eabi/6.3.1/../../../arm-none-eabi/lib/thumb/v7e-m/fpv4-sp/hard/libc_nano.a(lib_a-memcmp.o)
 .ARM.attributes
                0x0000000000000c79       0x20 /usr/lib/gcc/arm-none-eabi/6.3.1/../../../arm-none-eabi/lib/thumb/v7e-m/fpv4-sp/hard/libc_nano.a(lib_a-memcpy.o)
 .ARM.attributes
                0x0000000000000c99       0x34 /usr/lib/gcc/arm-none-eabi/6.3.1/../../../arm-none-eabi/lib/thumb/v7e-m/fpv4-sp/hard/libc_nano.a(lib_a-memset.o)
 .ARM.attributes
                0x0000000000000ccd       0x20 /usr/lib/gcc/arm-none-eabi/6.3.1/../../../arm-none-eabi/lib/thumb/v7e-m/fpv4-sp/hard/libc_nano.a(lib_a-strcmp.o)
 .ARM.attributes
                0x0000000000000ced       0x20 /usr/lib/gcc/arm-none-eabi/6.3.1/../../../arm-none-eabi/lib/thumb/v7e-m/fpv4-sp/hard/libc_nano.a(lib_a-strlen.o)
 .ARM.attributes
                0x0000000000000d0d       0x34 /usr/lib/gcc/arm-none-eabi/6.3.1/../../../arm-none-eabi/lib/thumb/v7e-m/fpv4-sp/hard/libc_nano.a(lib_a-__atexit.o)
 .ARM.attributes
                0x0000000000000d41       0x34 /usr/lib/gcc/arm-none-eabi/6.3.1/../../../arm-none-eabi/lib/thumb/v7e-m/fpv4-sp/hard/libc_nano.a(lib_a-__call_atexit.o)
 .ARM.attributes
                0x0000000000000d75       0x34 /usr/lib/gcc/arm-none-eabi/6.3.1/../../../arm-none-eabi/lib/thumb/v7e-m/fpv4-sp/hard/libnosys.a(_exit.o)
 .ARM.attributes
                0x0000000000000da9       0x34 /usr/lib/gcc/arm-none-eabi/6.3.1/thumb/v7e-m/fpv4-sp/hard/crtend.o
 .ARM.attributes
                0x0000000000000ddd       0x22 /usr/lib/gcc/arm-none-eabi/6.3.1/thumb/v7e-m/fpv4-sp/hard/crtn.o

.comment        0x0000000000000000       0x31
 .comment       0x0000000000000000       0x31 /usr/lib/gcc/arm-none-eabi/6.3.1/thumb/v7e-m/fpv4-sp/hard/crtbegin.o
                                         0x32 (size before relaxing)
 .comment       0x0000000000000031       0x32 _build/nrf52832_xxaa/nrf_log_backend_serial.c.o
 .comment       0x0000000000000031       0x32 _build/nrf52832_xxaa/nrf_log_backend_uart.c.o
 .comment       0x0000000000000031       0x32 _build/nrf52832_xxaa/nrf_log_default_backends.c.o
 .comment       0x0000000000000031       0x32 _build/nrf52832_xxaa/nrf_log_frontend.c.o
 .comment       0x0000000000000031       0x32 _build/nrf52832_xxaa/nrf_log_str_formatter.c.o
 .comment       0x0000000000000031       0x32 _build/nrf52832_xxaa/app_button.c.o
 .comment       0x0000000000000031       0x32 _build/nrf52832_xxaa/app_error.c.o
 .comment       0x0000000000000031       0x32 _build/nrf52832_xxaa/app_error_weak.c.o
 .comment       0x0000000000000031       0x32 _build/nrf52832_xxaa/app_timer2.c.o
 .comment       0x0000000000000031       0x32 _build/nrf52832_xxaa/app_util_platform.c.o
 .comment       0x0000000000000031       0x32 _build/nrf52832_xxaa/drv_rtc.c.o
 .comment       0x0000000000000031       0x32 _build/nrf52832_xxaa/nrf_atfifo.c.o
 .comment       0x0000000000000031       0x32 _build/nrf52832_xxaa/nrf_atflags.c.o
 .comment       0x0000000000000031       0x32 _build/nrf52832_xxaa/nrf_atomic.c.o
 .comment       0x0000000000000031       0x32 _build/nrf52832_xxaa/nrf_balloc.c.o
 .comment       0x0000000000000031       0x32 _build/nrf52832_xxaa/nrf_fprintf.c.o
 .comment       0x0000000000000031       0x32 _build/nrf52832_xxaa/nrf_fprintf_format.c.o
 .comment       0x0000000000000031       0x32 _build/nrf52832_xxaa/nrf_memobj.c.o
 .comment       0x0000000000000031       0x32 _build/nrf52832_xxaa/nrf_pwr_mgmt.c.o
 .comment       0x0000000000000031       0x32 _build/nrf52832_xxaa/nrf_queue.c.o
 .comment       0x0000000000000031       0x32 _build/nrf52832_xxaa/nrf_ringbuf.c.o
 .comment       0x0000000000000031       0x32 _build/nrf52832_xxaa/nrf_section_iter.c.o
 .comment       0x0000000000000031       0x32 _build/nrf52832_xxaa/nrf_sortlist.c.o
 .comment       0x0000000000000031       0x32 _build/nrf52832_xxaa/nrf_strerror.c.o
 .comment       0x0000000000000031       0x32 _build/nrf52832_xxaa/system_nrf52.c.o
 .comment       0x0000000000000031       0x32 _build/nrf52832_xxaa/boards.c.o
 .comment       0x0000000000000031       0x32 _build/nrf52832_xxaa/nrf_drv_clock.c.o
 .comment       0x0000000000000031       0x32 _build/nrf52832_xxaa/nrf_drv_uart.c.o
 .comment       0x0000000000000031       0x32 _build/nrf52832_xxaa/nrfx_clock.c.o
 .comment       0x0000000000000031       0x32 _build/nrf52832_xxaa/nrfx_gpiote.c.o
 .comment       0x0000000000000031       0x32 _build/nrf52832_xxaa/nrfx_prs.c.o
 .comment       0x0000000000000031       0x32 _build/nrf52832_xxaa/nrfx_uart.c.o
 .comment       0x0000000000000031       0x32 _build/nrf52832_xxaa/nrfx_uarte.c.o
 .comment       0x0000000000000031       0x32 _build/nrf52832_xxaa/bsp.c.o
 .comment       0x0000000000000031       0x32 _build/nrf52832_xxaa/bsp_btn_ble.c.o
 .comment       0x0000000000000031       0x32 _build/nrf52832_xxaa/main.c.o
 .comment       0x0000000000000031       0x32 _build/nrf52832_xxaa/ble_advdata.c.o
 .comment       0x0000000000000031       0x32 _build/nrf52832_xxaa/ble_conn_state.c.o
 .comment       0x0000000000000031       0x32 _build/nrf52832_xxaa/ble_db_discovery.c.o
 .comment       0x0000000000000031       0x32 _build/nrf52832_xxaa/nrf_ble_gatt.c.o
 .comment       0x0000000000000031       0x32 _build/nrf52832_xxaa/nrf_ble_gq.c.o
 .comment       0x0000000000000031       0x32 _build/nrf52832_xxaa/nrf_ble_scan.c.o
 .comment       0x0000000000000031       0x32 _build/nrf52832_xxaa/ble_lbs_c.c.o
 .comment       0x0000000000000031       0x32 _build/nrf52832_xxaa/nrf_sdh.c.o
 .comment       0x0000000000000031       0x32 _build/nrf52832_xxaa/nrf_sdh_ble.c.o
 .comment       0x0000000000000031       0x32 _build/nrf52832_xxaa/nrf_sdh_soc.c.o
 .comment       0x0000000000000031       0x32 _build/nrf52832_xxaa/extra.c.o
 .comment       0x0000000000000031       0x32 /usr/lib/gcc/arm-none-eabi/6.3.1/../../../arm-none-eabi/lib/thumb/v7e-m/fpv4-sp/hard/libc_nano.a(lib_a-atexit.o)
 .comment       0x0000000000000031       0x32 /usr/lib/gcc/arm-none-eabi/6.3.1/../../../arm-none-eabi/lib/thumb/v7e-m/fpv4-sp/hard/libc_nano.a(lib_a-ctype_.o)
 .comment       0x0000000000000031       0x32 /usr/lib/gcc/arm-none-eabi/6.3.1/../../../arm-none-eabi/lib/thumb/v7e-m/fpv4-sp/hard/libc_nano.a(lib_a-exit.o)
 .comment       0x0000000000000031       0x32 /usr/lib/gcc/arm-none-eabi/6.3.1/../../../arm-none-eabi/lib/thumb/v7e-m/fpv4-sp/hard/libc_nano.a(lib_a-fini.o)
 .comment       0x0000000000000031       0x32 /usr/lib/gcc/arm-none-eabi/6.3.1/../../../arm-none-eabi/lib/thumb/v7e-m/fpv4-sp/hard/libc_nano.a(lib_a-impure.o)
 .comment       0x0000000000000031       0x32 /usr/lib/gcc/arm-none-eabi/6.3.1/../../../arm-none-eabi/lib/thumb/v7e-m/fpv4-sp/hard/libc_nano.a(lib_a-init.o)
 .comment       0x0000000000000031       0x32 /usr/lib/gcc/arm-none-eabi/6.3.1/../../../arm-none-eabi/lib/thumb/v7e-m/fpv4-sp/hard/libc_nano.a(lib_a-memcmp.o)
 .comment       0x0000000000000031       0x32 /usr/lib/gcc/arm-none-eabi/6.3.1/../../../arm-none-eabi/lib/thumb/v7e-m/fpv4-sp/hard/libc_nano.a(lib_a-memset.o)
 .comment       0x0000000000000031       0x32 /usr/lib/gcc/arm-none-eabi/6.3.1/../../../arm-none-eabi/lib/thumb/v7e-m/fpv4-sp/hard/libc_nano.a(lib_a-__atexit.o)
 .comment       0x0000000000000031       0x32 /usr/lib/gcc/arm-none-eabi/6.3.1/../../../arm-none-eabi/lib/thumb/v7e-m/fpv4-sp/hard/libc_nano.a(lib_a-__call_atexit.o)
 .comment       0x0000000000000031       0x32 /usr/lib/gcc/arm-none-eabi/6.3.1/../../../arm-none-eabi/lib/thumb/v7e-m/fpv4-sp/hard/libnosys.a(_exit.o)
 .comment       0x0000000000000031       0x32 /usr/lib/gcc/arm-none-eabi/6.3.1/thumb/v7e-m/fpv4-sp/hard/crtend.o

.debug_line     0x0000000000000000    0x21651
 .debug_line    0x0000000000000000       0x84 /usr/lib/gcc/arm-none-eabi/6.3.1/../../../arm-none-eabi/lib/thumb/v7e-m/fpv4-sp/hard/crt0.o
 .debug_line    0x0000000000000084       0xb2 _build/nrf52832_xxaa/gcc_startup_nrf52.S.o
 .debug_line    0x0000000000000136      0x95c _build/nrf52832_xxaa/nrf_log_backend_serial.c.o
 .debug_line    0x0000000000000a92      0xd18 _build/nrf52832_xxaa/nrf_log_backend_uart.c.o
 .debug_line    0x00000000000017aa      0x8a6 _build/nrf52832_xxaa/nrf_log_default_backends.c.o
 .debug_line    0x0000000000002050     0x1108 _build/nrf52832_xxaa/nrf_log_frontend.c.o
 .debug_line    0x0000000000003158      0x9c9 _build/nrf52832_xxaa/nrf_log_str_formatter.c.o
 .debug_line    0x0000000000003b21      0xecd _build/nrf52832_xxaa/app_button.c.o
 .debug_line    0x00000000000049ee      0x4b2 _build/nrf52832_xxaa/app_error.c.o
 .debug_line    0x0000000000004ea0      0x94d _build/nrf52832_xxaa/app_error_weak.c.o
 .debug_line    0x00000000000057ed      0xeb4 _build/nrf52832_xxaa/app_timer2.c.o
 .debug_line    0x00000000000066a1      0x5bf _build/nrf52832_xxaa/app_util_platform.c.o
 .debug_line    0x0000000000006c60      0xfb7 _build/nrf52832_xxaa/drv_rtc.c.o
 .debug_line    0x0000000000007c17      0x8bc _build/nrf52832_xxaa/nrf_atfifo.c.o
 .debug_line    0x00000000000084d3      0x6e8 _build/nrf52832_xxaa/nrf_atflags.c.o
 .debug_line    0x0000000000008bbb      0x723 _build/nrf52832_xxaa/nrf_atomic.c.o
 .debug_line    0x00000000000092de      0x87b _build/nrf52832_xxaa/nrf_balloc.c.o
 .debug_line    0x0000000000009b59      0x5bb _build/nrf52832_xxaa/nrf_fprintf.c.o
 .debug_line    0x000000000000a114      0x7eb _build/nrf52832_xxaa/nrf_fprintf_format.c.o
 .debug_line    0x000000000000a8ff      0x95c _build/nrf52832_xxaa/nrf_memobj.c.o
 .debug_line    0x000000000000b25b      0xeac _build/nrf52832_xxaa/nrf_pwr_mgmt.c.o
 .debug_line    0x000000000000c107      0xbe6 _build/nrf52832_xxaa/nrf_queue.c.o
 .debug_line    0x000000000000cced      0x77b _build/nrf52832_xxaa/nrf_ringbuf.c.o
 .debug_line    0x000000000000d468      0x5c2 _build/nrf52832_xxaa/nrf_section_iter.c.o
 .debug_line    0x000000000000da2a      0x7cf _build/nrf52832_xxaa/nrf_sortlist.c.o
 .debug_line    0x000000000000e1f9      0x5c9 _build/nrf52832_xxaa/nrf_strerror.c.o
 .debug_line    0x000000000000e7c2      0x400 _build/nrf52832_xxaa/system_nrf52.c.o
 .debug_line    0x000000000000ebc2      0xa47 _build/nrf52832_xxaa/boards.c.o
 .debug_line    0x000000000000f609      0xe4c _build/nrf52832_xxaa/nrf_drv_clock.c.o
 .debug_line    0x0000000000010455      0x963 _build/nrf52832_xxaa/nrf_drv_uart.c.o
 .debug_line    0x0000000000010db8      0xdb2 _build/nrf52832_xxaa/nrfx_clock.c.o
 .debug_line    0x0000000000011b6a     0x151c _build/nrf52832_xxaa/nrfx_gpiote.c.o
 .debug_line    0x0000000000013086      0xae4 _build/nrf52832_xxaa/nrfx_prs.c.o
 .debug_line    0x0000000000013b6a     0x124b _build/nrf52832_xxaa/nrfx_uart.c.o
 .debug_line    0x0000000000014db5     0x120c _build/nrf52832_xxaa/nrfx_uarte.c.o
 .debug_line    0x0000000000015fc1      0xef8 _build/nrf52832_xxaa/bsp.c.o
 .debug_line    0x0000000000016eb9      0xbce _build/nrf52832_xxaa/bsp_btn_ble.c.o
 .debug_line    0x0000000000017a87     0x1513 _build/nrf52832_xxaa/main.c.o
 .debug_line    0x0000000000018f9a      0x9c9 _build/nrf52832_xxaa/ble_advdata.c.o
 .debug_line    0x0000000000019963      0xbf9 _build/nrf52832_xxaa/ble_conn_state.c.o
 .debug_line    0x000000000001a55c      0xff1 _build/nrf52832_xxaa/ble_db_discovery.c.o
 .debug_line    0x000000000001b54d      0x9bb _build/nrf52832_xxaa/nrf_ble_gatt.c.o
 .debug_line    0x000000000001bf08      0xca2 _build/nrf52832_xxaa/nrf_ble_gq.c.o
 .debug_line    0x000000000001cbaa      0xb7f _build/nrf52832_xxaa/nrf_ble_scan.c.o
 .debug_line    0x000000000001d729      0xd12 _build/nrf52832_xxaa/ble_lbs_c.c.o
 .debug_line    0x000000000001e43b      0xa56 _build/nrf52832_xxaa/nrf_sdh.c.o
 .debug_line    0x000000000001ee91      0x9bb _build/nrf52832_xxaa/nrf_sdh_ble.c.o
 .debug_line    0x000000000001f84c      0x835 _build/nrf52832_xxaa/nrf_sdh_soc.c.o
 .debug_line    0x0000000000020081      0x71e _build/nrf52832_xxaa/extra.c.o
 .debug_line    0x000000000002079f      0x157 /usr/lib/gcc/arm-none-eabi/6.3.1/../../../arm-none-eabi/lib/thumb/v7e-m/fpv4-sp/hard/libc_nano.a(lib_a-atexit.o)
 .debug_line    0x00000000000208f6       0x67 /usr/lib/gcc/arm-none-eabi/6.3.1/../../../arm-none-eabi/lib/thumb/v7e-m/fpv4-sp/hard/libc_nano.a(lib_a-ctype_.o)
 .debug_line    0x000000000002095d      0x15b /usr/lib/gcc/arm-none-eabi/6.3.1/../../../arm-none-eabi/lib/thumb/v7e-m/fpv4-sp/hard/libc_nano.a(lib_a-exit.o)
 .debug_line    0x0000000000020ab8       0xa5 /usr/lib/gcc/arm-none-eabi/6.3.1/../../../arm-none-eabi/lib/thumb/v7e-m/fpv4-sp/hard/libc_nano.a(lib_a-fini.o)
 .debug_line    0x0000000000020b5d       0xef /usr/lib/gcc/arm-none-eabi/6.3.1/../../../arm-none-eabi/lib/thumb/v7e-m/fpv4-sp/hard/libc_nano.a(lib_a-impure.o)
 .debug_line    0x0000000000020c4c       0xbe /usr/lib/gcc/arm-none-eabi/6.3.1/../../../arm-none-eabi/lib/thumb/v7e-m/fpv4-sp/hard/libc_nano.a(lib_a-init.o)
 .debug_line    0x0000000000020d0a      0x16c /usr/lib/gcc/arm-none-eabi/6.3.1/../../../arm-none-eabi/lib/thumb/v7e-m/fpv4-sp/hard/libc_nano.a(lib_a-memcmp.o)
 .debug_line    0x0000000000020e76       0xc1 /usr/lib/gcc/arm-none-eabi/6.3.1/../../../arm-none-eabi/lib/thumb/v7e-m/fpv4-sp/hard/libc_nano.a(lib_a-memcpy.o)
 .debug_line    0x0000000000020f37      0x17c /usr/lib/gcc/arm-none-eabi/6.3.1/../../../arm-none-eabi/lib/thumb/v7e-m/fpv4-sp/hard/libc_nano.a(lib_a-memset.o)
 .debug_line    0x00000000000210b3      0x13a /usr/lib/gcc/arm-none-eabi/6.3.1/../../../arm-none-eabi/lib/thumb/v7e-m/fpv4-sp/hard/libc_nano.a(lib_a-strcmp.o)
 .debug_line    0x00000000000211ed       0xb2 /usr/lib/gcc/arm-none-eabi/6.3.1/../../../arm-none-eabi/lib/thumb/v7e-m/fpv4-sp/hard/libc_nano.a(lib_a-strlen.o)
 .debug_line    0x000000000002129f      0x192 /usr/lib/gcc/arm-none-eabi/6.3.1/../../../arm-none-eabi/lib/thumb/v7e-m/fpv4-sp/hard/libc_nano.a(lib_a-__atexit.o)
 .debug_line    0x0000000000021431      0x1bf /usr/lib/gcc/arm-none-eabi/6.3.1/../../../arm-none-eabi/lib/thumb/v7e-m/fpv4-sp/hard/libc_nano.a(lib_a-__call_atexit.o)
 .debug_line    0x00000000000215f0       0x61 /usr/lib/gcc/arm-none-eabi/6.3.1/../../../arm-none-eabi/lib/thumb/v7e-m/fpv4-sp/hard/libnosys.a(_exit.o)

.debug_info     0x0000000000000000    0x5ba59